Archive member included to satisfy reference by file (symbol)

/home/ivosar/Ac6/SystemWorkbench/plugins/fr.ac6.mcu.externaltools.arm-none.linux64_1.15.0.201708311556/tools/compiler/bin/../lib/gcc/arm-none-eabi/6.3.1/../../../../arm-none-eabi/lib/thumb/v7e-m/fpv4-sp/hard/libc_nano.a(lib_a-exit.o)
                              /home/ivosar/Ac6/SystemWorkbench/plugins/fr.ac6.mcu.externaltools.arm-none.linux64_1.15.0.201708311556/tools/compiler/bin/../lib/gcc/arm-none-eabi/6.3.1/../../../../arm-none-eabi/lib/thumb/v7e-m/fpv4-sp/hard/crt0.o (exit)
/home/ivosar/Ac6/SystemWorkbench/plugins/fr.ac6.mcu.externaltools.arm-none.linux64_1.15.0.201708311556/tools/compiler/bin/../lib/gcc/arm-none-eabi/6.3.1/../../../../arm-none-eabi/lib/thumb/v7e-m/fpv4-sp/hard/libc_nano.a(lib_a-impure.o)
                              /home/ivosar/Ac6/SystemWorkbench/plugins/fr.ac6.mcu.externaltools.arm-none.linux64_1.15.0.201708311556/tools/compiler/bin/../lib/gcc/arm-none-eabi/6.3.1/../../../../arm-none-eabi/lib/thumb/v7e-m/fpv4-sp/hard/libc_nano.a(lib_a-exit.o) (_global_impure_ptr)
/home/ivosar/Ac6/SystemWorkbench/plugins/fr.ac6.mcu.externaltools.arm-none.linux64_1.15.0.201708311556/tools/compiler/bin/../lib/gcc/arm-none-eabi/6.3.1/../../../../arm-none-eabi/lib/thumb/v7e-m/fpv4-sp/hard/libc_nano.a(lib_a-init.o)
                              /home/ivosar/Ac6/SystemWorkbench/plugins/fr.ac6.mcu.externaltools.arm-none.linux64_1.15.0.201708311556/tools/compiler/bin/../lib/gcc/arm-none-eabi/6.3.1/../../../../arm-none-eabi/lib/thumb/v7e-m/fpv4-sp/hard/crt0.o (__libc_init_array)
/home/ivosar/Ac6/SystemWorkbench/plugins/fr.ac6.mcu.externaltools.arm-none.linux64_1.15.0.201708311556/tools/compiler/bin/../lib/gcc/arm-none-eabi/6.3.1/../../../../arm-none-eabi/lib/thumb/v7e-m/fpv4-sp/hard/libc_nano.a(lib_a-itoa.o)
                              Src/lcd5110.o (itoa)
/home/ivosar/Ac6/SystemWorkbench/plugins/fr.ac6.mcu.externaltools.arm-none.linux64_1.15.0.201708311556/tools/compiler/bin/../lib/gcc/arm-none-eabi/6.3.1/../../../../arm-none-eabi/lib/thumb/v7e-m/fpv4-sp/hard/libc_nano.a(lib_a-locale.o)
                              Src/lcd5110.o (__locale_ctype_ptr)
/home/ivosar/Ac6/SystemWorkbench/plugins/fr.ac6.mcu.externaltools.arm-none.linux64_1.15.0.201708311556/tools/compiler/bin/../lib/gcc/arm-none-eabi/6.3.1/../../../../arm-none-eabi/lib/thumb/v7e-m/fpv4-sp/hard/libc_nano.a(lib_a-mbtowc_r.o)
                              /home/ivosar/Ac6/SystemWorkbench/plugins/fr.ac6.mcu.externaltools.arm-none.linux64_1.15.0.201708311556/tools/compiler/bin/../lib/gcc/arm-none-eabi/6.3.1/../../../../arm-none-eabi/lib/thumb/v7e-m/fpv4-sp/hard/libc_nano.a(lib_a-locale.o) (__ascii_mbtowc)
/home/ivosar/Ac6/SystemWorkbench/plugins/fr.ac6.mcu.externaltools.arm-none.linux64_1.15.0.201708311556/tools/compiler/bin/../lib/gcc/arm-none-eabi/6.3.1/../../../../arm-none-eabi/lib/thumb/v7e-m/fpv4-sp/hard/libc_nano.a(lib_a-memset.o)
                              /home/ivosar/Ac6/SystemWorkbench/plugins/fr.ac6.mcu.externaltools.arm-none.linux64_1.15.0.201708311556/tools/compiler/bin/../lib/gcc/arm-none-eabi/6.3.1/../../../../arm-none-eabi/lib/thumb/v7e-m/fpv4-sp/hard/crt0.o (memset)
/home/ivosar/Ac6/SystemWorkbench/plugins/fr.ac6.mcu.externaltools.arm-none.linux64_1.15.0.201708311556/tools/compiler/bin/../lib/gcc/arm-none-eabi/6.3.1/../../../../arm-none-eabi/lib/thumb/v7e-m/fpv4-sp/hard/libc_nano.a(lib_a-strcmp.o)
                              /home/ivosar/Ac6/SystemWorkbench/plugins/fr.ac6.mcu.externaltools.arm-none.linux64_1.15.0.201708311556/tools/compiler/bin/../lib/gcc/arm-none-eabi/6.3.1/../../../../arm-none-eabi/lib/thumb/v7e-m/fpv4-sp/hard/libc_nano.a(lib_a-locale.o) (strcmp)
/home/ivosar/Ac6/SystemWorkbench/plugins/fr.ac6.mcu.externaltools.arm-none.linux64_1.15.0.201708311556/tools/compiler/bin/../lib/gcc/arm-none-eabi/6.3.1/../../../../arm-none-eabi/lib/thumb/v7e-m/fpv4-sp/hard/libc_nano.a(lib_a-utoa.o)
                              /home/ivosar/Ac6/SystemWorkbench/plugins/fr.ac6.mcu.externaltools.arm-none.linux64_1.15.0.201708311556/tools/compiler/bin/../lib/gcc/arm-none-eabi/6.3.1/../../../../arm-none-eabi/lib/thumb/v7e-m/fpv4-sp/hard/libc_nano.a(lib_a-itoa.o) (__utoa)
/home/ivosar/Ac6/SystemWorkbench/plugins/fr.ac6.mcu.externaltools.arm-none.linux64_1.15.0.201708311556/tools/compiler/bin/../lib/gcc/arm-none-eabi/6.3.1/../../../../arm-none-eabi/lib/thumb/v7e-m/fpv4-sp/hard/libc_nano.a(lib_a-vsnprintf.o)
                              Src/lcd5110.o (vsnprintf)
/home/ivosar/Ac6/SystemWorkbench/plugins/fr.ac6.mcu.externaltools.arm-none.linux64_1.15.0.201708311556/tools/compiler/bin/../lib/gcc/arm-none-eabi/6.3.1/../../../../arm-none-eabi/lib/thumb/v7e-m/fpv4-sp/hard/libc_nano.a(lib_a-wctomb_r.o)
                              /home/ivosar/Ac6/SystemWorkbench/plugins/fr.ac6.mcu.externaltools.arm-none.linux64_1.15.0.201708311556/tools/compiler/bin/../lib/gcc/arm-none-eabi/6.3.1/../../../../arm-none-eabi/lib/thumb/v7e-m/fpv4-sp/hard/libc_nano.a(lib_a-locale.o) (__ascii_wctomb)
[...]
Memory Configuration

Name             Origin             Length             Attributes
RAM              0x0000000020000000 0x000000000000a000 xrw
CCMRAM           0x0000000010000000 0x0000000000002000 rw
FLASH            0x0000000008000000 0x0000000000040000 xr
*default*        0x0000000000000000 0xffffffffffffffff

Linker script and memory map

LOAD /home/ivosar/Ac6/SystemWorkbench/plugins/fr.ac6.mcu.externaltools.arm-none.linux64_1.15.0.201708311556/tools/compiler/bin/../lib/gcc/arm-none-eabi/6.3.1/thumb/v7e-m/fpv4-sp/hard/crti.o
LOAD /home/ivosar/Ac6/SystemWorkbench/plugins/fr.ac6.mcu.externaltools.arm-none.linux64_1.15.0.201708311556/tools/compiler/bin/../lib/gcc/arm-none-eabi/6.3.1/thumb/v7e-m/fpv4-sp/hard/crtbegin.o
LOAD /home/ivosar/Ac6/SystemWorkbench/plugins/fr.ac6.mcu.externaltools.arm-none.linux64_1.15.0.201708311556/tools/compiler/bin/../lib/gcc/arm-none-eabi/6.3.1/../../../../arm-none-eabi/lib/thumb/v7e-m/fpv4-sp/hard/crt0.o
LOAD /home/ivosar/Ac6/SystemWorkbench/plugins/fr.ac6.mcu.externaltools.arm-none.linux64_1.15.0.201708311556/tools/compiler/bin/../lib/gcc/arm-none-eabi/6.3.1/../../../../arm-none-eabi/lib/thumb/v7e-m/fpv4-sp/hard/libm.a
LOAD Drivers/STM32F3xx_HAL_Driver/Src/stm32f3xx_hal.o
LOAD Drivers/STM32F3xx_HAL_Driver/Src/stm32f3xx_hal_cortex.o
LOAD Drivers/STM32F3xx_HAL_Driver/Src/stm32f3xx_hal_dma.o
LOAD Drivers/STM32F3xx_HAL_Driver/Src/stm32f3xx_hal_flash.o
LOAD Drivers/STM32F3xx_HAL_Driver/Src/stm32f3xx_hal_flash_ex.o
LOAD Drivers/STM32F3xx_HAL_Driver/Src/stm32f3xx_hal_gpio.o
LOAD Drivers/STM32F3xx_HAL_Driver/Src/stm32f3xx_hal_i2c.o
LOAD Drivers/STM32F3xx_HAL_Driver/Src/stm32f3xx_hal_i2c_ex.o
LOAD Drivers/STM32F3xx_HAL_Driver/Src/stm32f3xx_hal_pwr.o
LOAD Drivers/STM32F3xx_HAL_Driver/Src/stm32f3xx_hal_pwr_ex.o
LOAD Drivers/STM32F3xx_HAL_Driver/Src/stm32f3xx_hal_rcc.o
LOAD Drivers/STM32F3xx_HAL_Driver/Src/stm32f3xx_hal_rcc_ex.o
LOAD Drivers/STM32F3xx_HAL_Driver/Src/stm32f3xx_hal_spi.o
LOAD Drivers/STM32F3xx_HAL_Driver/Src/stm32f3xx_hal_spi_ex.o
LOAD Drivers/STM32F3xx_HAL_Driver/Src/stm32f3xx_hal_tim.o
LOAD Drivers/STM32F3xx_HAL_Driver/Src/stm32f3xx_hal_tim_ex.o
LOAD Src/gpio.o
LOAD Src/lcd5110.o
LOAD Src/lcd5110_hal.o
LOAD Src/lcd5110_ll.o
LOAD Src/main.o
LOAD Src/spi.o
LOAD Src/stm32f3xx_hal_msp.o
LOAD Src/stm32f3xx_it.o
LOAD Src/system_stm32f3xx.o
LOAD startup/startup_stm32f303xc.o
START GROUP
LOAD /home/ivosar/Ac6/SystemWorkbench/plugins/fr.ac6.mcu.externaltools.arm-none.linux64_1.15.0.201708311556/tools/compiler/bin/../lib/gcc/arm-none-eabi/6.3.1/thumb/v7e-m/fpv4-sp/hard/libgcc.a
LOAD /home/ivosar/Ac6/SystemWorkbench/plugins/fr.ac6.mcu.externaltools.arm-none.linux64_1.15.0.201708311556/tools/compiler/bin/../lib/gcc/arm-none-eabi/6.3.1/../../../../arm-none-eabi/lib/thumb/v7e-m/fpv4-sp/hard/libc_nano.a
END GROUP
START GROUP
LOAD /home/ivosar/Ac6/SystemWorkbench/plugins/fr.ac6.mcu.externaltools.arm-none.linux64_1.15.0.201708311556/tools/compiler/bin/../lib/gcc/arm-none-eabi/6.3.1/thumb/v7e-m/fpv4-sp/hard/libgcc.a
LOAD /home/ivosar/Ac6/SystemWorkbench/plugins/fr.ac6.mcu.externaltools.arm-none.linux64_1.15.0.201708311556/tools/compiler/bin/../lib/gcc/arm-none-eabi/6.3.1/../../../../arm-none-eabi/lib/thumb/v7e-m/fpv4-sp/hard/libc_nano.a
LOAD /home/ivosar/Ac6/SystemWorkbench/plugins/fr.ac6.mcu.externaltools.arm-none.linux64_1.15.0.201708311556/tools/compiler/bin/../lib/gcc/arm-none-eabi/6.3.1/../../../../arm-none-eabi/lib/thumb/v7e-m/fpv4-sp/hard/libnosys.a
END GROUP
START GROUP
LOAD /home/ivosar/Ac6/SystemWorkbench/plugins/fr.ac6.mcu.externaltools.arm-none.linux64_1.15.0.201708311556/tools/compiler/bin/../lib/gcc/arm-none-eabi/6.3.1/thumb/v7e-m/fpv4-sp/hard/libgcc.a
LOAD /home/ivosar/Ac6/SystemWorkbench/plugins/fr.ac6.mcu.externaltools.arm-none.linux64_1.15.0.201708311556/tools/compiler/bin/../lib/gcc/arm-none-eabi/6.3.1/../../../../arm-none-eabi/lib/thumb/v7e-m/fpv4-sp/hard/libc_nano.a
LOAD /home/ivosar/Ac6/SystemWorkbench/plugins/fr.ac6.mcu.externaltools.arm-none.linux64_1.15.0.201708311556/tools/compiler/bin/../lib/gcc/arm-none-eabi/6.3.1/../../../../arm-none-eabi/lib/thumb/v7e-m/fpv4-sp/hard/libnosys.a
END GROUP
LOAD /home/ivosar/Ac6/SystemWorkbench/plugins/fr.ac6.mcu.externaltools.arm-none.linux64_1.15.0.201708311556/tools/compiler/bin/../lib/gcc/arm-none-eabi/6.3.1/thumb/v7e-m/fpv4-sp/hard/crtend.o
LOAD /home/ivosar/Ac6/SystemWorkbench/plugins/fr.ac6.mcu.externaltools.arm-none.linux64_1.15.0.201708311556/tools/compiler/bin/../lib/gcc/arm-none-eabi/6.3.1/thumb/v7e-m/fpv4-sp/hard/crtn.o
                0x000000002000a000                _estack = 0x2000a000
                0x0000000000000200                _Min_Heap_Size = 0x200
                0x0000000000000400                _Min_Stack_Size = 0x400

.isr_vector     0x0000000008000000      0x188
                0x0000000008000000                . = ALIGN (0x4)
 *(.isr_vector)
 .isr_vector    0x0000000008000000      0x188 startup/startup_stm32f303xc.o
                0x0000000008000000                g_pfnVectors
                0x0000000008000188                . = ALIGN (0x4)

.text           0x0000000008000190     0x26e0
                0x0000000008000190                . = ALIGN (0x4)
 *(.text)
 .text          0x0000000008000190       0x6c /home/ivosar/Ac6/SystemWorkbench/plugins/fr.ac6.mcu.externaltools.arm-none.linux64_1.15.0.201708311556/tools/compiler/bin/../lib/gcc/arm-none-eabi/6.3.1/thumb/v7e-m/fpv4-sp/hard/crtbegin.o
 *fill*         0x00000000080001fc        0x4 
 .text          0x0000000008000200       0xa0 /home/ivosar/Ac6/SystemWorkbench/plugins/fr.ac6.mcu.externaltools.arm-none.linux64_1.15.0.201708311556/tools/compiler/bin/../lib/gcc/arm-none-eabi/6.3.1/../../../../arm-none-eabi/lib/thumb/v7e-m/fpv4-sp/hard/libc_nano.a(lib_a-memchr.o)
                0x0000000008000200                memchr
 *(.text*)
 .text.HAL_InitTick
                0x00000000080002a0       0x2c Drivers/STM32F3xx_HAL_Driver/Src/stm32f3xx_hal.o
                0x00000000080002a0                HAL_InitTick
 .text.HAL_Init
                0x00000000080002cc       0x24 Drivers/STM32F3xx_HAL_Driver/Src/stm32f3xx_hal.o
                0x00000000080002cc                HAL_Init
 .text.HAL_IncTick
                0x00000000080002f0       0x10 Drivers/STM32F3xx_HAL_Driver/Src/stm32f3xx_hal.o
                0x00000000080002f0                HAL_IncTick
 .text.HAL_GetTick
                0x0000000008000300        0xc Drivers/STM32F3xx_HAL_Driver/Src/stm32f3xx_hal.o
                0x0000000008000300                HAL_GetTick
 .text.HAL_NVIC_SetPriorityGrouping
                0x000000000800030c       0x3c Drivers/STM32F3xx_HAL_Driver/Src/stm32f3xx_hal_cortex.o
                0x000000000800030c                HAL_NVIC_SetPriorityGrouping
 .text.HAL_NVIC_SetPriority
                0x0000000008000348       0x88 Drivers/STM32F3xx_HAL_Driver/Src/stm32f3xx_hal_cortex.o
                0x0000000008000348                HAL_NVIC_SetPriority
 .text.HAL_SYSTICK_Config
                0x00000000080003d0       0x2c Drivers/STM32F3xx_HAL_Driver/Src/stm32f3xx_hal_cortex.o
                0x00000000080003d0                HAL_SYSTICK_Config
 .text.HAL_SYSTICK_CLKSourceConfig
                0x00000000080003fc       0x3c Drivers/STM32F3xx_HAL_Driver/Src/stm32f3xx_hal_cortex.o
                0x00000000080003fc                HAL_SYSTICK_CLKSourceConfig
 .text.HAL_SYSTICK_Callback
                0x0000000008000438        0x2 Drivers/STM32F3xx_HAL_Driver/Src/stm32f3xx_hal_cortex.o
                0x0000000008000438                HAL_SYSTICK_Callback
 .text.HAL_SYSTICK_IRQHandler
                0x000000000800043a        0x8 Drivers/STM32F3xx_HAL_Driver/Src/stm32f3xx_hal_cortex.o
                0x000000000800043a                HAL_SYSTICK_IRQHandler
 *fill*         0x0000000008000442        0x2 
 .text.HAL_GPIO_Init
                0x0000000008000444      0x2c0 Drivers/STM32F3xx_HAL_Driver/Src/stm32f3xx_hal_gpio.o
                0x0000000008000444                HAL_GPIO_Init
 .text.HAL_GPIO_WritePin
                0x0000000008000704       0x34 Drivers/STM32F3xx_HAL_Driver/Src/stm32f3xx_hal_gpio.o
                0x0000000008000704                HAL_GPIO_WritePin
 .text.HAL_RCC_OscConfig
                0x0000000008000738      0x730 Drivers/STM32F3xx_HAL_Driver/Src/stm32f3xx_hal_rcc.o
                0x0000000008000738                HAL_RCC_OscConfig
 .text.HAL_RCC_GetSysClockFreq
                0x0000000008000e68       0x70 Drivers/STM32F3xx_HAL_Driver/Src/stm32f3xx_hal_rcc.o
                0x0000000008000e68                HAL_RCC_GetSysClockFreq
 .text.HAL_RCC_ClockConfig
                0x0000000008000ed8      0x298 Drivers/STM32F3xx_HAL_Driver/Src/stm32f3xx_hal_rcc.o
                0x0000000008000ed8                HAL_RCC_ClockConfig
 .text.HAL_RCC_GetHCLKFreq
                0x0000000008001170        0xc Drivers/STM32F3xx_HAL_Driver/Src/stm32f3xx_hal_rcc.o
                0x0000000008001170                HAL_RCC_GetHCLKFreq
 .text.SPI_WaitFlagStateUntilTimeout
                0x000000000800117c       0x92 Drivers/STM32F3xx_HAL_Driver/Src/stm32f3xx_hal_spi.o
 .text.SPI_WaitFifoStateUntilTimeout
                0x000000000800120e       0xa4 Drivers/STM32F3xx_HAL_Driver/Src/stm32f3xx_hal_spi.o
 .text.SPI_EndRxTxTransaction
                0x00000000080012b2       0x68 Drivers/STM32F3xx_HAL_Driver/Src/stm32f3xx_hal_spi.o
 *fill*         0x000000000800131a        0x2 
 .text.HAL_SPI_Init
                0x000000000800131c      0x218 Drivers/STM32F3xx_HAL_Driver/Src/stm32f3xx_hal_spi.o
                0x000000000800131c                HAL_SPI_Init
 .text.HAL_SPI_Transmit
                0x0000000008001534      0x1e4 Drivers/STM32F3xx_HAL_Driver/Src/stm32f3xx_hal_spi.o
                0x0000000008001534                HAL_SPI_Transmit
 .text.MX_GPIO_Init
                0x0000000008001718       0x5c Src/gpio.o
                0x0000000008001718                MX_GPIO_Init
 .text.LCD5110_wrect_fill
                0x0000000008001774       0x74 Src/lcd5110.o
                0x0000000008001774                LCD5110_wrect_fill
 .text.LCD5110_wputchar
                0x00000000080017e8       0x60 Src/lcd5110.o
                0x00000000080017e8                LCD5110_wputchar
 .text.LCD5110_wset_cursor
                0x0000000008001848        0x6 Src/lcd5110.o
                0x0000000008001848                LCD5110_wset_cursor
 .text.LCD5110_wendl
                0x000000000800184e       0x1a Src/lcd5110.o
                0x000000000800184e                LCD5110_wendl
 .text.LCD5110_wprint
                0x0000000008001868       0x76 Src/lcd5110.o
                0x0000000008001868                LCD5110_wprint
 .text.LCD5110_printf
                0x00000000080018de       0x44 Src/lcd5110.o
                0x00000000080018de                LCD5110_printf
 .text.LCD5110_clrscr
                0x0000000008001922       0x14 Src/lcd5110_hal.o
                0x0000000008001922                LCD5110_clrscr
 .text.LCD5110_putpix
                0x0000000008001936       0x40 Src/lcd5110_hal.o
                0x0000000008001936                LCD5110_putpix
 .text.LCD5110_drawBitmap
                0x0000000008001976       0x6e Src/lcd5110_hal.o
                0x0000000008001976                LCD5110_drawBitmap
 .text.LCD5110_set_function
                0x00000000080019e4       0x2e Src/lcd5110_ll.o
 .text.LCD5110_set_mode_base
                0x0000000008001a12       0x28 Src/lcd5110_ll.o
 .text.LCD5110_set_temp_coef_ext
                0x0000000008001a3a       0x2a Src/lcd5110_ll.o
 .text.LCD5110_set_bias_ext
                0x0000000008001a64       0x2a Src/lcd5110_ll.o
 .text.LCD5110_set_voltage_ext
                0x0000000008001a8e       0x2c Src/lcd5110_ll.o
 .text.LCD5110_init
                0x0000000008001aba       0x86 Src/lcd5110_ll.o
                0x0000000008001aba                LCD5110_init
 .text.LCD5110_refresh_ll
                0x0000000008001b40       0x62 Src/lcd5110_ll.o
                0x0000000008001b40                LCD5110_refresh_ll
 *fill*         0x0000000008001ba2        0x2 
 .text.display_on_clock
                0x0000000008001ba4       0x54 Src/main.o
                0x0000000008001ba4                display_on_clock
 .text._Error_Handler
                0x0000000008001bf8        0x2 Src/main.o
                0x0000000008001bf8                _Error_Handler
 *fill*         0x0000000008001bfa        0x2 
 .text.SystemClock_Config
                0x0000000008001bfc       0x80 Src/main.o
                0x0000000008001bfc                SystemClock_Config
 .text.main     0x0000000008001c7c       0xa4 Src/main.o
                0x0000000008001c7c                main
 .text.assert_failed
                0x0000000008001d20        0x2 Src/main.o
                0x0000000008001d20                assert_failed
 *fill*         0x0000000008001d22        0x2 
 .text.MX_SPI2_Init
                0x0000000008001d24       0x54 Src/spi.o
                0x0000000008001d24                MX_SPI2_Init
 .text.HAL_SPI_MspInit
                0x0000000008001d78       0x68 Src/spi.o
                0x0000000008001d78                HAL_SPI_MspInit
 .text.HAL_MspInit
                0x0000000008001de0       0x7c Src/stm32f3xx_hal_msp.o
                0x0000000008001de0                HAL_MspInit
 .text.NMI_Handler
                0x0000000008001e5c        0x2 Src/stm32f3xx_it.o
                0x0000000008001e5c                NMI_Handler
 .text.HardFault_Handler
                0x0000000008001e5e        0x2 Src/stm32f3xx_it.o
                0x0000000008001e5e                HardFault_Handler
 .text.MemManage_Handler
                0x0000000008001e60        0x2 Src/stm32f3xx_it.o
                0x0000000008001e60                MemManage_Handler
 .text.BusFault_Handler
                0x0000000008001e62        0x2 Src/stm32f3xx_it.o
                0x0000000008001e62                BusFault_Handler
 .text.UsageFault_Handler
                0x0000000008001e64        0x2 Src/stm32f3xx_it.o
                0x0000000008001e64                UsageFault_Handler
 .text.SVC_Handler
                0x0000000008001e66        0x2 Src/stm32f3xx_it.o
                0x0000000008001e66                SVC_Handler
 .text.DebugMon_Handler
                0x0000000008001e68        0x2 Src/stm32f3xx_it.o
                0x0000000008001e68                DebugMon_Handler
 .text.PendSV_Handler
                0x0000000008001e6a        0x2 Src/stm32f3xx_it.o
                0x0000000008001e6a                PendSV_Handler
 .text.SysTick_Handler
                0x0000000008001e6c        0xc Src/stm32f3xx_it.o
                0x0000000008001e6c                SysTick_Handler
 .text.SystemInit
                0x0000000008001e78       0x68 Src/system_stm32f3xx.o
                0x0000000008001e78                SystemInit
 .text.Reset_Handler
                0x0000000008001ee0       0x50 startup/startup_stm32f303xc.o
                0x0000000008001ee0                Reset_Handler
 .text.Default_Handler
                0x0000000008001f30        0x2 startup/startup_stm32f303xc.o
                0x0000000008001f30                RTC_Alarm_IRQHandler
                0x0000000008001f30                TIM8_TRG_COM_IRQHandler
                0x0000000008001f30                TIM8_CC_IRQHandler
                0x0000000008001f30                TIM1_CC_IRQHandler
                0x0000000008001f30                USB_HP_IRQHandler
                0x0000000008001f30                PVD_IRQHandler
                0x0000000008001f30                TAMP_STAMP_IRQHandler
                0x0000000008001f30                EXTI3_IRQHandler
                0x0000000008001f30                USB_HP_CAN_TX_IRQHandler
                0x0000000008001f30                EXTI0_IRQHandler
                0x0000000008001f30                I2C2_EV_IRQHandler
                0x0000000008001f30                FPU_IRQHandler
                0x0000000008001f30                TIM1_UP_TIM16_IRQHandler
                0x0000000008001f30                ADC1_2_IRQHandler
                0x0000000008001f30                SPI1_IRQHandler
                0x0000000008001f30                CAN_SCE_IRQHandler
                0x0000000008001f30                TIM6_DAC_IRQHandler
                0x0000000008001f30                TIM8_UP_IRQHandler
                0x0000000008001f30                DMA2_Channel2_IRQHandler
                0x0000000008001f30                DMA1_Channel4_IRQHandler
                0x0000000008001f30                USART3_IRQHandler
                0x0000000008001f30                DMA1_Channel7_IRQHandler
                0x0000000008001f30                UART5_IRQHandler
                0x0000000008001f30                ADC3_IRQHandler
                0x0000000008001f30                TIM4_IRQHandler
                0x0000000008001f30                CAN_RX1_IRQHandler
                0x0000000008001f30                DMA2_Channel1_IRQHandler
                0x0000000008001f30                I2C1_EV_IRQHandler
                0x0000000008001f30                DMA1_Channel6_IRQHandler
                0x0000000008001f30                UART4_IRQHandler
                0x0000000008001f30                DMA2_Channel4_IRQHandler
                0x0000000008001f30                TIM3_IRQHandler
                0x0000000008001f30                RCC_IRQHandler
                0x0000000008001f30                DMA1_Channel1_IRQHandler
                0x0000000008001f30                Default_Handler
                0x0000000008001f30                USBWakeUp_RMP_IRQHandler
                0x0000000008001f30                EXTI15_10_IRQHandler
                0x0000000008001f30                TIM7_IRQHandler
                0x0000000008001f30                EXTI9_5_IRQHandler
                0x0000000008001f30                RTC_WKUP_IRQHandler
                0x0000000008001f30                SPI2_IRQHandler
                0x0000000008001f30                USB_LP_CAN_RX0_IRQHandler
                0x0000000008001f30                DMA2_Channel5_IRQHandler
                0x0000000008001f30                DMA1_Channel5_IRQHandler
                0x0000000008001f30                USB_LP_IRQHandler
                0x0000000008001f30                EXTI4_IRQHandler
                0x0000000008001f30                TIM1_TRG_COM_TIM17_IRQHandler
                0x0000000008001f30                DMA1_Channel3_IRQHandler
                0x0000000008001f30                ADC4_IRQHandler
                0x0000000008001f30                WWDG_IRQHandler
                0x0000000008001f30                TIM2_IRQHandler
                0x0000000008001f30                COMP7_IRQHandler
                0x0000000008001f30                COMP1_2_3_IRQHandler
                0x0000000008001f30                EXTI1_IRQHandler
                0x0000000008001f30                USART2_IRQHandler
                0x0000000008001f30                COMP4_5_6_IRQHandler
                0x0000000008001f30                I2C2_ER_IRQHandler
                0x0000000008001f30                DMA1_Channel2_IRQHandler
                0x0000000008001f30                TIM8_BRK_IRQHandler
                0x0000000008001f30                FLASH_IRQHandler
                0x0000000008001f30                USART1_IRQHandler
                0x0000000008001f30                SPI3_IRQHandler
                0x0000000008001f30                I2C1_ER_IRQHandler
                0x0000000008001f30                USBWakeUp_IRQHandler
                0x0000000008001f30                DMA2_Channel3_IRQHandler
                0x0000000008001f30                EXTI2_TSC_IRQHandler
                0x0000000008001f30                TIM1_BRK_TIM15_IRQHandler
 *fill*         0x0000000008001f32        0x2 
 .text.__libc_init_array
                0x0000000008001f34       0x48 /home/ivosar/Ac6/SystemWorkbench/plugins/fr.ac6.mcu.externaltools.arm-none.linux64_1.15.0.201708311556/tools/compiler/bin/../lib/gcc/arm-none-eabi/6.3.1/../../../../arm-none-eabi/lib/thumb/v7e-m/fpv4-sp/hard/libc_nano.a(lib_a-init.o)
                0x0000000008001f34                __libc_init_array
 .text.__locale_ctype_ptr
                0x0000000008001f7c       0x1c /home/ivosar/Ac6/SystemWorkbench/plugins/fr.ac6.mcu.externaltools.arm-none.linux64_1.15.0.201708311556/tools/compiler/bin/../lib/gcc/arm-none-eabi/6.3.1/../../../../arm-none-eabi/lib/thumb/v7e-m/fpv4-sp/hard/libc_nano.a(lib_a-locale.o)
                0x0000000008001f7c                __locale_ctype_ptr
 .text.__ascii_mbtowc
                0x0000000008001f98       0x24 /home/ivosar/Ac6/SystemWorkbench/plugins/fr.ac6.mcu.externaltools.arm-none.linux64_1.15.0.201708311556/tools/compiler/bin/../lib/gcc/arm-none-eabi/6.3.1/../../../../arm-none-eabi/lib/thumb/v7e-m/fpv4-sp/hard/libc_nano.a(lib_a-mbtowc_r.o)
                0x0000000008001f98                __ascii_mbtowc
 .text._vsnprintf_r
                0x0000000008001fbc       0x58 /home/ivosar/Ac6/SystemWorkbench/plugins/fr.ac6.mcu.externaltools.arm-none.linux64_1.15.0.201708311556/tools/compiler/bin/../lib/gcc/arm-none-eabi/6.3.1/../../../../arm-none-eabi/lib/thumb/v7e-m/fpv4-sp/hard/libc_nano.a(lib_a-vsnprintf.o)
                0x0000000008001fbc                _vsnprintf_r
                0x0000000008001fbc                _vsniprintf_r
 .text.vsnprintf
                0x0000000008002014       0x1c /home/ivosar/Ac6/SystemWorkbench/plugins/fr.ac6.mcu.externaltools.arm-none.linux64_1.15.0.201708311556/tools/compiler/bin/../lib/gcc/arm-none-eabi/6.3.1/../../../../arm-none-eabi/lib/thumb/v7e-m/fpv4-sp/hard/libc_nano.a(lib_a-vsnprintf.o)
                0x0000000008002014                vsnprintf
                0x0000000008002014                vsniprintf
 .text.__ascii_wctomb
                0x0000000008002030       0x1a /home/ivosar/Ac6/SystemWorkbench/plugins/fr.ac6.mcu.externaltools.arm-none.linux64_1.15.0.201708311556/tools/compiler/bin/../lib/gcc/arm-none-eabi/6.3.1/../../../../arm-none-eabi/lib/thumb/v7e-m/fpv4-sp/hard/libc_nano.a(lib_a-wctomb_r.o)
                0x0000000008002030                __ascii_wctomb
 .text.__ssputs_r
                0x000000000800204a       0xb6 /home/ivosar/Ac6/SystemWorkbench/plugins/fr.ac6.mcu.externaltools.arm-none.linux64_1.15.0.201708311556/tools/compiler/bin/../lib/gcc/arm-none-eabi/6.3.1/../../../../arm-none-eabi/lib/thumb/v7e-m/fpv4-sp/hard/libc_nano.a(lib_a-nano-svfprintf.o)
                0x000000000800204a                __ssputs_r
 .text._svfprintf_r
                0x0000000008002100      0x1e8 /home/ivosar/Ac6/SystemWorkbench/plugins/fr.ac6.mcu.externaltools.arm-none.linux64_1.15.0.201708311556/tools/compiler/bin/../lib/gcc/arm-none-eabi/6.3.1/../../../../arm-none-eabi/lib/thumb/v7e-m/fpv4-sp/hard/libc_nano.a(lib_a-nano-svfprintf.o)
                0x0000000008002100                _svfprintf_r
                0x0000000008002100                _svfiprintf_r
 .text._printf_common
                0x00000000080022e8       0xec /home/ivosar/Ac6/SystemWorkbench/plugins/fr.ac6.mcu.externaltools.arm-none.linux64_1.15.0.201708311556/tools/compiler/bin/../lib/gcc/arm-none-eabi/6.3.1/../../../../arm-none-eabi/lib/thumb/v7e-m/fpv4-sp/hard/libc_nano.a(lib_a-nano-vfprintf_i.o)
                0x00000000080022e8                _printf_common
 .text._printf_i
                0x00000000080023d4      0x240 /home/ivosar/Ac6/SystemWorkbench/plugins/fr.ac6.mcu.externaltools.arm-none.linux64_1.15.0.201708311556/tools/compiler/bin/../lib/gcc/arm-none-eabi/6.3.1/../../../../arm-none-eabi/lib/thumb/v7e-m/fpv4-sp/hard/libc_nano.a(lib_a-nano-vfprintf_i.o)
                0x00000000080023d4                _printf_i
 .text.memcpy   0x0000000008002614       0x16 /home/ivosar/Ac6/SystemWorkbench/plugins/fr.ac6.mcu.externaltools.arm-none.linux64_1.15.0.201708311556/tools/compiler/bin/../lib/gcc/arm-none-eabi/6.3.1/../../../../arm-none-eabi/lib/thumb/v7e-m/fpv4-sp/hard/libc_nano.a(lib_a-memcpy-stub.o)
                0x0000000008002614                memcpy
 .text.memmove  0x000000000800262a       0x34 /home/ivosar/Ac6/SystemWorkbench/plugins/fr.ac6.mcu.externaltools.arm-none.linux64_1.15.0.201708311556/tools/compiler/bin/../lib/gcc/arm-none-eabi/6.3.1/../../../../arm-none-eabi/lib/thumb/v7e-m/fpv4-sp/hard/libc_nano.a(lib_a-memmove.o)
                0x000000000800262a                memmove
 *fill*         0x000000000800265e        0x2 
 .text._free_r  0x0000000008002660       0x9c /home/ivosar/Ac6/SystemWorkbench/plugins/fr.ac6.mcu.externaltools.arm-none.linux64_1.15.0.201708311556/tools/compiler/bin/../lib/gcc/arm-none-eabi/6.3.1/../../../../arm-none-eabi/lib/thumb/v7e-m/fpv4-sp/hard/libc_nano.a(lib_a-nano-freer.o)
                0x0000000008002660                _free_r
 .text._malloc_r
                0x00000000080026fc       0xbc /home/ivosar/Ac6/SystemWorkbench/plugins/fr.ac6.mcu.externaltools.arm-none.linux64_1.15.0.201708311556/tools/compiler/bin/../lib/gcc/arm-none-eabi/6.3.1/../../../../arm-none-eabi/lib/thumb/v7e-m/fpv4-sp/hard/libc_nano.a(lib_a-nano-mallocr.o)
                0x00000000080026fc                _malloc_r
 .text._realloc_r
                0x00000000080027b8       0x4c /home/ivosar/Ac6/SystemWorkbench/plugins/fr.ac6.mcu.externaltools.arm-none.linux64_1.15.0.201708311556/tools/compiler/bin/../lib/gcc/arm-none-eabi/6.3.1/../../../../arm-none-eabi/lib/thumb/v7e-m/fpv4-sp/hard/libc_nano.a(lib_a-nano-reallocr.o)
                0x00000000080027b8                _realloc_r
 .text._sbrk_r  0x0000000008002804       0x20 /home/ivosar/Ac6/SystemWorkbench/plugins/fr.ac6.mcu.externaltools.arm-none.linux64_1.15.0.201708311556/tools/compiler/bin/../lib/gcc/arm-none-eabi/6.3.1/../../../../arm-none-eabi/lib/thumb/v7e-m/fpv4-sp/hard/libc_nano.a(lib_a-sbrkr.o)
                0x0000000008002804                _sbrk_r
 .text.__malloc_lock
                0x0000000008002824        0x2 /home/ivosar/Ac6/SystemWorkbench/plugins/fr.ac6.mcu.externaltools.arm-none.linux64_1.15.0.201708311556/tools/compiler/bin/../lib/gcc/arm-none-eabi/6.3.1/../../../../arm-none-eabi/lib/thumb/v7e-m/fpv4-sp/hard/libc_nano.a(lib_a-mlock.o)
                0x0000000008002824                __malloc_lock
 .text.__malloc_unlock
                0x0000000008002826        0x2 /home/ivosar/Ac6/SystemWorkbench/plugins/fr.ac6.mcu.externaltools.arm-none.linux64_1.15.0.201708311556/tools/compiler/bin/../lib/gcc/arm-none-eabi/6.3.1/../../../../arm-none-eabi/lib/thumb/v7e-m/fpv4-sp/hard/libc_nano.a(lib_a-mlock.o)
                0x0000000008002826                __malloc_unlock
 .text._malloc_usable_size_r
                0x0000000008002828       0x12 /home/ivosar/Ac6/SystemWorkbench/plugins/fr.ac6.mcu.externaltools.arm-none.linux64_1.15.0.201708311556/tools/compiler/bin/../lib/gcc/arm-none-eabi/6.3.1/../../../../arm-none-eabi/lib/thumb/v7e-m/fpv4-sp/hard/libc_nano.a(lib_a-nano-msizer.o)
                0x0000000008002828                _malloc_usable_size_r
 *fill*         0x000000000800283a        0x2 
 .text._sbrk    0x000000000800283c       0x1c /home/ivosar/Ac6/SystemWorkbench/plugins/fr.ac6.mcu.externaltools.arm-none.linux64_1.15.0.201708311556/tools/compiler/bin/../lib/gcc/arm-none-eabi/6.3.1/../../../../arm-none-eabi/lib/thumb/v7e-m/fpv4-sp/hard/libnosys.a(sbrk.o)
                0x000000000800283c                _sbrk
 *(.glue_7)
 .glue_7        0x0000000008002858        0x0 linker stubs
 *(.glue_7t)
 .glue_7t       0x0000000008002858        0x0 linker stubs
 *(.eh_frame)
 .eh_frame      0x0000000008002858        0x0 /home/ivosar/Ac6/SystemWorkbench/plugins/fr.ac6.mcu.externaltools.arm-none.linux64_1.15.0.201708311556/tools/compiler/bin/../lib/gcc/arm-none-eabi/6.3.1/thumb/v7e-m/fpv4-sp/hard/crtbegin.o
 *(.init)
 .init          0x0000000008002858        0x4 /home/ivosar/Ac6/SystemWorkbench/plugins/fr.ac6.mcu.externaltools.arm-none.linux64_1.15.0.201708311556/tools/compiler/bin/../lib/gcc/arm-none-eabi/6.3.1/thumb/v7e-m/fpv4-sp/hard/crti.o
                0x0000000008002858                _init
 .init          0x000000000800285c        0x8 /home/ivosar/Ac6/SystemWorkbench/plugins/fr.ac6.mcu.externaltools.arm-none.linux64_1.15.0.201708311556/tools/compiler/bin/../lib/gcc/arm-none-eabi/6.3.1/thumb/v7e-m/fpv4-sp/hard/crtn.o
 *(.fini)
 .fini          0x0000000008002864        0x4 /home/ivosar/Ac6/SystemWorkbench/plugins/fr.ac6.mcu.externaltools.arm-none.linux64_1.15.0.201708311556/tools/compiler/bin/../lib/gcc/arm-none-eabi/6.3.1/thumb/v7e-m/fpv4-sp/hard/crti.o
                0x0000000008002864                _fini
 .fini          0x0000000008002868        0x8 /home/ivosar/Ac6/SystemWorkbench/plugins/fr.ac6.mcu.externaltools.arm-none.linux64_1.15.0.201708311556/tools/compiler/bin/../lib/gcc/arm-none-eabi/6.3.1/thumb/v7e-m/fpv4-sp/hard/crtn.o
                0x0000000008002870                . = ALIGN (0x4)
                0x0000000008002870                _etext = .

.vfp11_veneer   0x0000000008002870        0x0
 .vfp11_veneer  0x0000000008002870        0x0 linker stubs

.v4_bx          0x0000000008002870        0x0
 .v4_bx         0x0000000008002870        0x0 linker stubs

.iplt           0x0000000008002870        0x0
 .iplt          0x0000000008002870        0x0 /home/ivosar/Ac6/SystemWorkbench/plugins/fr.ac6.mcu.externaltools.arm-none.linux64_1.15.0.201708311556/tools/compiler/bin/../lib/gcc/arm-none-eabi/6.3.1/thumb/v7e-m/fpv4-sp/hard/crtbegin.o

.rodata         0x0000000008002870      0x8c0
                0x0000000008002870                . = ALIGN (0x4)
 *(.rodata)
 .rodata        0x0000000008002870       0x20 Drivers/STM32F3xx_HAL_Driver/Src/stm32f3xx_hal_rcc.o
                0x0000000008002870                aPLLMULFactorTable
                0x0000000008002880                aPredivFactorTable
 .rodata        0x0000000008002890      0x60e Src/lcd5110.o
                0x0000000008002e90                lcd5110_def_scr
 *fill*         0x0000000008002e9e        0x2 
 .rodata        0x0000000008002ea0       0x18 Src/system_stm32f3xx.o
                0x0000000008002ea0                AHBPrescTable
                0x0000000008002eb0                APBPrescTable
 *(.rodata*)
 .rodata.str1.4
                0x0000000008002eb8       0x3b Drivers/STM32F3xx_HAL_Driver/Src/stm32f3xx_hal_cortex.o
 *fill*         0x0000000008002ef3        0x1 
 .rodata.str1.4
                0x0000000008002ef4       0x39 Drivers/STM32F3xx_HAL_Driver/Src/stm32f3xx_hal_gpio.o
 *fill*         0x0000000008002f2d        0x3 
 .rodata.str1.4
                0x0000000008002f30       0x38 Drivers/STM32F3xx_HAL_Driver/Src/stm32f3xx_hal_rcc.o
 .rodata.str1.4
                0x0000000008002f68       0x38 Drivers/STM32F3xx_HAL_Driver/Src/stm32f3xx_hal_spi.o
 .rodata.str1.4
                0x0000000008002fa0       0x3f Src/main.o
 *fill*         0x0000000008002fdf        0x1 
 .rodata.str1.4
                0x0000000008002fe0       0x10 Src/spi.o
                                          0xd (size before relaxing)
 .rodata._setlocale_r.str1.1
                0x0000000008002ff0        0x8 /home/ivosar/Ac6/SystemWorkbench/plugins/fr.ac6.mcu.externaltools.arm-none.linux64_1.15.0.201708311556/tools/compiler/bin/../lib/gcc/arm-none-eabi/6.3.1/../../../../arm-none-eabi/lib/thumb/v7e-m/fpv4-sp/hard/libc_nano.a(lib_a-locale.o)
                                          0x9 (size before relaxing)
 .rodata.str1.1
                0x0000000008002ff8        0x2 /home/ivosar/Ac6/SystemWorkbench/plugins/fr.ac6.mcu.externaltools.arm-none.linux64_1.15.0.201708311556/tools/compiler/bin/../lib/gcc/arm-none-eabi/6.3.1/../../../../arm-none-eabi/lib/thumb/v7e-m/fpv4-sp/hard/libc_nano.a(lib_a-locale.o)
 .rodata._ctype_
                0x0000000008002ffa      0x101 /home/ivosar/Ac6/SystemWorkbench/plugins/fr.ac6.mcu.externaltools.arm-none.linux64_1.15.0.201708311556/tools/compiler/bin/../lib/gcc/arm-none-eabi/6.3.1/../../../../arm-none-eabi/lib/thumb/v7e-m/fpv4-sp/hard/libc_nano.a(lib_a-ctype_.o)
                0x0000000008002ffa                _ctype_
 .rodata._svfprintf_r.str1.1
                0x00000000080030fb       0x11 /home/ivosar/Ac6/SystemWorkbench/plugins/fr.ac6.mcu.externaltools.arm-none.linux64_1.15.0.201708311556/tools/compiler/bin/../lib/gcc/arm-none-eabi/6.3.1/../../../../arm-none-eabi/lib/thumb/v7e-m/fpv4-sp/hard/libc_nano.a(lib_a-nano-svfprintf.o)
 .rodata._printf_i.str1.1
                0x000000000800310c       0x22 /home/ivosar/Ac6/SystemWorkbench/plugins/fr.ac6.mcu.externaltools.arm-none.linux64_1.15.0.201708311556/tools/compiler/bin/../lib/gcc/arm-none-eabi/6.3.1/../../../../arm-none-eabi/lib/thumb/v7e-m/fpv4-sp/hard/libc_nano.a(lib_a-nano-vfprintf_i.o)
                0x0000000008003130                . = ALIGN (0x4)
 *fill*         0x000000000800312e        0x2 

.rel.dyn        0x0000000008003130        0x0
 .rel.iplt      0x0000000008003130        0x0 /home/ivosar/Ac6/SystemWorkbench/plugins/fr.ac6.mcu.externaltools.arm-none.linux64_1.15.0.201708311556/tools/compiler/bin/../lib/gcc/arm-none-eabi/6.3.1/thumb/v7e-m/fpv4-sp/hard/crtbegin.o

.ARM.extab
 *(.ARM.extab* .gnu.linkonce.armextab.*)

.ARM            0x0000000008003130        0x0
                0x0000000008003130                __exidx_start = .
 *(.ARM.exidx*)
                0x0000000008003130                __exidx_end = .

.preinit_array  0x0000000008003130        0x0
                0x0000000008003130                PROVIDE (__preinit_array_start, .)
 *(.preinit_array*)
                0x0000000008003130                PROVIDE (__preinit_array_end, .)

.init_array     0x0000000008003130        0x4
                0x0000000008003130                PROVIDE (__init_array_start, .)
 *(SORT(.init_array.*))
 *(.init_array*)
 .init_array    0x0000000008003130        0x4 /home/ivosar/Ac6/SystemWorkbench/plugins/fr.ac6.mcu.externaltools.arm-none.linux64_1.15.0.201708311556/tools/compiler/bin/../lib/gcc/arm-none-eabi/6.3.1/thumb/v7e-m/fpv4-sp/hard/crtbegin.o
                0x0000000008003134                PROVIDE (__init_array_end, .)

.fini_array     0x0000000008003134        0x4
                [!provide]                        PROVIDE (__fini_array_start, .)
 *(SORT(.fini_array.*))
 *(.fini_array*)
 .fini_array    0x0000000008003134        0x4 /home/ivosar/Ac6/SystemWorkbench/plugins/fr.ac6.mcu.externaltools.arm-none.linux64_1.15.0.201708311556/tools/compiler/bin/../lib/gcc/arm-none-eabi/6.3.1/thumb/v7e-m/fpv4-sp/hard/crtbegin.o
                [!provide]                        PROVIDE (__fini_array_end, .)
                0x0000000008003138                _sidata = LOADADDR (.data)

.data           0x0000000020000000      0x1d4 load address 0x0000000008003138
                0x0000000020000000                . = ALIGN (0x4)
                0x0000000020000000                _sdata = .
 *(.data)
 .data          0x0000000020000000        0x4 Src/system_stm32f3xx.o
                0x0000000020000000                SystemCoreClock
 *(.data*)
 .data._impure_ptr
                0x0000000020000004        0x4 /home/ivosar/Ac6/SystemWorkbench/plugins/fr.ac6.mcu.externaltools.arm-none.linux64_1.15.0.201708311556/tools/compiler/bin/../lib/gcc/arm-none-eabi/6.3.1/../../../../arm-none-eabi/lib/thumb/v7e-m/fpv4-sp/hard/libc_nano.a(lib_a-impure.o)
                0x0000000020000004                _impure_ptr
 .data.impure_data
                0x0000000020000008       0x60 /home/ivosar/Ac6/SystemWorkbench/plugins/fr.ac6.mcu.externaltools.arm-none.linux64_1.15.0.201708311556/tools/compiler/bin/../lib/gcc/arm-none-eabi/6.3.1/../../../../arm-none-eabi/lib/thumb/v7e-m/fpv4-sp/hard/libc_nano.a(lib_a-impure.o)
 .data.__global_locale
                0x0000000020000068      0x16c /home/ivosar/Ac6/SystemWorkbench/plugins/fr.ac6.mcu.externaltools.arm-none.linux64_1.15.0.201708311556/tools/compiler/bin/../lib/gcc/arm-none-eabi/6.3.1/../../../../arm-none-eabi/lib/thumb/v7e-m/fpv4-sp/hard/libc_nano.a(lib_a-locale.o)
                0x0000000020000068                __global_locale
                0x00000000200001d4                . = ALIGN (0x4)
                0x00000000200001d4                _edata = .
                0x000000000800330c                _siccmram = LOADADDR (.ccmram)

.jcr            0x00000000200001d4        0x0 load address 0x000000000800330c
 .jcr           0x00000000200001d4        0x0 /home/ivosar/Ac6/SystemWorkbench/plugins/fr.ac6.mcu.externaltools.arm-none.linux64_1.15.0.201708311556/tools/compiler/bin/../lib/gcc/arm-none-eabi/6.3.1/thumb/v7e-m/fpv4-sp/hard/crtbegin.o

.igot.plt       0x00000000200001d4        0x0 load address 0x000000000800330c
 .igot.plt      0x00000000200001d4        0x0 /home/ivosar/Ac6/SystemWorkbench/plugins/fr.ac6.mcu.externaltools.arm-none.linux64_1.15.0.201708311556/tools/compiler/bin/../lib/gcc/arm-none-eabi/6.3.1/thumb/v7e-m/fpv4-sp/hard/crtbegin.o

.ccmram         0x0000000010000000        0x0 load address 0x000000000800330c
                0x0000000010000000                . = ALIGN (0x4)
                0x0000000010000000                _sccmram = .
 *(.ccmram)
 *(.ccmram*)
                0x0000000010000000                . = ALIGN (0x4)
                0x0000000010000000                _eccmram = .
                0x0000000010000000                . = ALIGN (0x4)

.bss            0x00000000200001d4      0x2b8
                0x00000000200001d4                _sbss = .
                0x00000000200001d4                __bss_start__ = _sbss
 *(.bss)
 .bss           0x00000000200001d4       0x1c /home/ivosar/Ac6/SystemWorkbench/plugins/fr.ac6.mcu.externaltools.arm-none.linux64_1.15.0.201708311556/tools/compiler/bin/../lib/gcc/arm-none-eabi/6.3.1/thumb/v7e-m/fpv4-sp/hard/crtbegin.o
 *(.bss*)
 .bss.__malloc_free_list
                0x00000000200001f0        0x4 /home/ivosar/Ac6/SystemWorkbench/plugins/fr.ac6.mcu.externaltools.arm-none.linux64_1.15.0.201708311556/tools/compiler/bin/../lib/gcc/arm-none-eabi/6.3.1/../../../../arm-none-eabi/lib/thumb/v7e-m/fpv4-sp/hard/libc_nano.a(lib_a-nano-mallocr.o)
                0x00000000200001f0                __malloc_free_list
 .bss.__malloc_sbrk_start
                0x00000000200001f4        0x4 /home/ivosar/Ac6/SystemWorkbench/plugins/fr.ac6.mcu.externaltools.arm-none.linux64_1.15.0.201708311556/tools/compiler/bin/../lib/gcc/arm-none-eabi/6.3.1/../../../../arm-none-eabi/lib/thumb/v7e-m/fpv4-sp/hard/libc_nano.a(lib_a-nano-mallocr.o)
                0x00000000200001f4                __malloc_sbrk_start
 .bss.heap_end.5239
                0x00000000200001f8        0x4 /home/ivosar/Ac6/SystemWorkbench/plugins/fr.ac6.mcu.externaltools.arm-none.linux64_1.15.0.201708311556/tools/compiler/bin/../lib/gcc/arm-none-eabi/6.3.1/../../../../arm-none-eabi/lib/thumb/v7e-m/fpv4-sp/hard/libnosys.a(sbrk.o)
 *(COMMON)
 COMMON         0x00000000200001fc        0x4 Drivers/STM32F3xx_HAL_Driver/Src/stm32f3xx_hal.o
                0x00000000200001fc                uwTick
 COMMON         0x0000000020000200      0x224 Src/main.o
                0x0000000020000200                lcd1
 COMMON         0x0000000020000424       0x64 Src/spi.o
                0x0000000020000424                hspi2
 COMMON         0x0000000020000488        0x4 /home/ivosar/Ac6/SystemWorkbench/plugins/fr.ac6.mcu.externaltools.arm-none.linux64_1.15.0.201708311556/tools/compiler/bin/../lib/gcc/arm-none-eabi/6.3.1/../../../../arm-none-eabi/lib/thumb/v7e-m/fpv4-sp/hard/libc_nano.a(lib_a-reent.o)
                0x0000000020000488                errno
                0x000000002000048c                . = ALIGN (0x4)
                0x000000002000048c                _ebss = .
                0x000000002000048c                __bss_end__ = _ebss

._user_heap_stack
                0x000000002000048c      0x604
                0x0000000020000490                . = ALIGN (0x8)
 *fill*         0x000000002000048c        0x4 
                0x0000000020000490                PROVIDE (end, .)
                [!provide]                        PROVIDE (_end, .)
                0x0000000020000690                . = (. + _Min_Heap_Size)
 *fill*         0x0000000020000490      0x200 
                0x0000000020000a90                . = (. + _Min_Stack_Size)
 *fill*         0x0000000020000690      0x400 
                0x0000000020000a90                . = ALIGN (0x8)

/DISCARD/
 libc.a(*)
 libm.a(*)
 libgcc.a(*)

.ARM.attributes
                0x0000000000000000       0x30
 *(.ARM.attributes)
 .ARM.attributes
                0x0000000000000000       0x22 /home/ivosar/Ac6/SystemWorkbench/plugins/fr.ac6.mcu.externaltools.arm-none.linux64_1.15.0.201708311556/tools/compiler/bin/../lib/gcc/arm-none-eabi/6.3.1/thumb/v7e-m/fpv4-sp/hard/crti.o
 .ARM.attributes
                0x0000000000000022       0x34 /home/ivosar/Ac6/SystemWorkbench/plugins/fr.ac6.mcu.externaltools.arm-none.linux64_1.15.0.201708311556/tools/compiler/bin/../lib/gcc/arm-none-eabi/6.3.1/thumb/v7e-m/fpv4-sp/hard/crtbegin.o
 .ARM.attributes
                0x0000000000000056       0x39 Drivers/STM32F3xx_HAL_Driver/Src/stm32f3xx_hal.o
 .ARM.attributes
                0x000000000000008f       0x39 Drivers/STM32F3xx_HAL_Driver/Src/stm32f3xx_hal_cortex.o
 .ARM.attributes
                0x00000000000000c8       0x39 Drivers/STM32F3xx_HAL_Driver/Src/stm32f3xx_hal_gpio.o
 .ARM.attributes
                0x0000000000000101       0x39 Drivers/STM32F3xx_HAL_Driver/Src/stm32f3xx_hal_rcc.o
 .ARM.attributes
                0x000000000000013a       0x39 Drivers/STM32F3xx_HAL_Driver/Src/stm32f3xx_hal_spi.o
 .ARM.attributes
                0x0000000000000173       0x39 Src/gpio.o
 .ARM.attributes
                0x00000000000001ac       0x39 Src/lcd5110.o
 .ARM.attributes
                0x00000000000001e5       0x39 Src/lcd5110_hal.o
 .ARM.attributes
                0x000000000000021e       0x39 Src/lcd5110_ll.o
 .ARM.attributes
                0x0000000000000257       0x39 Src/main.o
 .ARM.attributes
                0x0000000000000290       0x39 Src/spi.o
 .ARM.attributes
                0x00000000000002c9       0x39 Src/stm32f3xx_hal_msp.o
 .ARM.attributes
                0x0000000000000302       0x39 Src/stm32f3xx_it.o
 .ARM.attributes
                0x000000000000033b       0x39 Src/system_stm32f3xx.o
 .ARM.attributes
                0x0000000000000374       0x21 startup/startup_stm32f303xc.o
 .ARM.attributes
                0x0000000000000395       0x34 /home/ivosar/Ac6/SystemWorkbench/plugins/fr.ac6.mcu.externaltools.arm-none.linux64_1.15.0.201708311556/tools/compiler/bin/../lib/gcc/arm-none-eabi/6.3.1/../../../../arm-none-eabi/lib/thumb/v7e-m/fpv4-sp/hard/libc_nano.a(lib_a-impure.o)
 .ARM.attributes
                0x00000000000003c9       0x34 /home/ivosar/Ac6/SystemWorkbench/plugins/fr.ac6.mcu.externaltools.arm-none.linux64_1.15.0.201708311556/tools/compiler/bin/../lib/gcc/arm-none-eabi/6.3.1/../../../../arm-none-eabi/lib/thumb/v7e-m/fpv4-sp/hard/libc_nano.a(lib_a-init.o)
 .ARM.attributes
                0x00000000000003fd       0x34 /home/ivosar/Ac6/SystemWorkbench/plugins/fr.ac6.mcu.externaltools.arm-none.linux64_1.15.0.201708311556/tools/compiler/bin/../lib/gcc/arm-none-eabi/6.3.1/../../../../arm-none-eabi/lib/thumb/v7e-m/fpv4-sp/hard/libc_nano.a(lib_a-locale.o)
 .ARM.attributes
                0x0000000000000431       0x34 /home/ivosar/Ac6/SystemWorkbench/plugins/fr.ac6.mcu.externaltools.arm-none.linux64_1.15.0.201708311556/tools/compiler/bin/../lib/gcc/arm-none-eabi/6.3.1/../../../../arm-none-eabi/lib/thumb/v7e-m/fpv4-sp/hard/libc_nano.a(lib_a-mbtowc_r.o)
 .ARM.attributes
                0x0000000000000465       0x34 /home/ivosar/Ac6/SystemWorkbench/plugins/fr.ac6.mcu.externaltools.arm-none.linux64_1.15.0.201708311556/tools/compiler/bin/../lib/gcc/arm-none-eabi/6.3.1/../../../../arm-none-eabi/lib/thumb/v7e-m/fpv4-sp/hard/libc_nano.a(lib_a-vsnprintf.o)
 .ARM.attributes
                0x0000000000000499       0x34 /home/ivosar/Ac6/SystemWorkbench/plugins/fr.ac6.mcu.externaltools.arm-none.linux64_1.15.0.201708311556/tools/compiler/bin/../lib/gcc/arm-none-eabi/6.3.1/../../../../arm-none-eabi/lib/thumb/v7e-m/fpv4-sp/hard/libc_nano.a(lib_a-wctomb_r.o)
 .ARM.attributes
                0x00000000000004cd       0x34 /home/ivosar/Ac6/SystemWorkbench/plugins/fr.ac6.mcu.externaltools.arm-none.linux64_1.15.0.201708311556/tools/compiler/bin/../lib/gcc/arm-none-eabi/6.3.1/../../../../arm-none-eabi/lib/thumb/v7e-m/fpv4-sp/hard/libc_nano.a(lib_a-ctype_.o)
 .ARM.attributes
                0x0000000000000501       0x34 /home/ivosar/Ac6/SystemWorkbench/plugins/fr.ac6.mcu.externaltools.arm-none.linux64_1.15.0.201708311556/tools/compiler/bin/../lib/gcc/arm-none-eabi/6.3.1/../../../../arm-none-eabi/lib/thumb/v7e-m/fpv4-sp/hard/libc_nano.a(lib_a-nano-svfprintf.o)
 .ARM.attributes
                0x0000000000000535       0x34 /home/ivosar/Ac6/SystemWorkbench/plugins/fr.ac6.mcu.externaltools.arm-none.linux64_1.15.0.201708311556/tools/compiler/bin/../lib/gcc/arm-none-eabi/6.3.1/../../../../arm-none-eabi/lib/thumb/v7e-m/fpv4-sp/hard/libc_nano.a(lib_a-nano-vfprintf_i.o)
 .ARM.attributes
                0x0000000000000569       0x20 /home/ivosar/Ac6/SystemWorkbench/plugins/fr.ac6.mcu.externaltools.arm-none.linux64_1.15.0.201708311556/tools/compiler/bin/../lib/gcc/arm-none-eabi/6.3.1/../../../../arm-none-eabi/lib/thumb/v7e-m/fpv4-sp/hard/libc_nano.a(lib_a-memchr.o)
 .ARM.attributes
                0x0000000000000589       0x34 /home/ivosar/Ac6/SystemWorkbench/plugins/fr.ac6.mcu.externaltools.arm-none.linux64_1.15.0.201708311556/tools/compiler/bin/../lib/gcc/arm-none-eabi/6.3.1/../../../../arm-none-eabi/lib/thumb/v7e-m/fpv4-sp/hard/libc_nano.a(lib_a-memcpy-stub.o)
 .ARM.attributes
                0x00000000000005bd       0x34 /home/ivosar/Ac6/SystemWorkbench/plugins/fr.ac6.mcu.externaltools.arm-none.linux64_1.15.0.201708311556/tools/compiler/bin/../lib/gcc/arm-none-eabi/6.3.1/../../../../arm-none-eabi/lib/thumb/v7e-m/fpv4-sp/hard/libc_nano.a(lib_a-memmove.o)
 .ARM.attributes
                0x00000000000005f1       0x34 /home/ivosar/Ac6/SystemWorkbench/plugins/fr.ac6.mcu.externaltools.arm-none.linux64_1.15.0.201708311556/tools/compiler/bin/../lib/gcc/arm-none-eabi/6.3.1/../../../../arm-none-eabi/lib/thumb/v7e-m/fpv4-sp/hard/libc_nano.a(lib_a-nano-freer.o)
 .ARM.attributes
                0x0000000000000625       0x34 /home/ivosar/Ac6/SystemWorkbench/plugins/fr.ac6.mcu.externaltools.arm-none.linux64_1.15.0.201708311556/tools/compiler/bin/../lib/gcc/arm-none-eabi/6.3.1/../../../../arm-none-eabi/lib/thumb/v7e-m/fpv4-sp/hard/libc_nano.a(lib_a-nano-mallocr.o)
 .ARM.attributes
                0x0000000000000659       0x34 /home/ivosar/Ac6/SystemWorkbench/plugins/fr.ac6.mcu.externaltools.arm-none.linux64_1.15.0.201708311556/tools/compiler/bin/../lib/gcc/arm-none-eabi/6.3.1/../../../../arm-none-eabi/lib/thumb/v7e-m/fpv4-sp/hard/libc_nano.a(lib_a-nano-reallocr.o)
 .ARM.attributes
                0x000000000000068d       0x34 /home/ivosar/Ac6/SystemWorkbench/plugins/fr.ac6.mcu.externaltools.arm-none.linux64_1.15.0.201708311556/tools/compiler/bin/../lib/gcc/arm-none-eabi/6.3.1/../../../../arm-none-eabi/lib/thumb/v7e-m/fpv4-sp/hard/libc_nano.a(lib_a-sbrkr.o)
 .ARM.attributes
                0x00000000000006c1       0x34 /home/ivosar/Ac6/SystemWorkbench/plugins/fr.ac6.mcu.externaltools.arm-none.linux64_1.15.0.201708311556/tools/compiler/bin/../lib/gcc/arm-none-eabi/6.3.1/../../../../arm-none-eabi/lib/thumb/v7e-m/fpv4-sp/hard/libc_nano.a(lib_a-mlock.o)
 .ARM.attributes
                0x00000000000006f5       0x34 /home/ivosar/Ac6/SystemWorkbench/plugins/fr.ac6.mcu.externaltools.arm-none.linux64_1.15.0.201708311556/tools/compiler/bin/../lib/gcc/arm-none-eabi/6.3.1/../../../../arm-none-eabi/lib/thumb/v7e-m/fpv4-sp/hard/libc_nano.a(lib_a-nano-msizer.o)
 .ARM.attributes
                0x0000000000000729       0x34 /home/ivosar/Ac6/SystemWorkbench/plugins/fr.ac6.mcu.externaltools.arm-none.linux64_1.15.0.201708311556/tools/compiler/bin/../lib/gcc/arm-none-eabi/6.3.1/../../../../arm-none-eabi/lib/thumb/v7e-m/fpv4-sp/hard/libc_nano.a(lib_a-reent.o)
 .ARM.attributes
                0x000000000000075d       0x34 /home/ivosar/Ac6/SystemWorkbench/plugins/fr.ac6.mcu.externaltools.arm-none.linux64_1.15.0.201708311556/tools/compiler/bin/../lib/gcc/arm-none-eabi/6.3.1/../../../../arm-none-eabi/lib/thumb/v7e-m/fpv4-sp/hard/libnosys.a(sbrk.o)
 .ARM.attributes
                0x0000000000000791       0x22 /home/ivosar/Ac6/SystemWorkbench/plugins/fr.ac6.mcu.externaltools.arm-none.linux64_1.15.0.201708311556/tools/compiler/bin/../lib/gcc/arm-none-eabi/6.3.1/thumb/v7e-m/fpv4-sp/hard/crtn.o
OUTPUT(Display.elf elf32-littlearm)

.debug_info     0x0000000000000000    0x128c0
 .debug_info    0x0000000000000000      0xfc8 Drivers/STM32F3xx_HAL_Driver/Src/stm32f3xx_hal.o
 .debug_info    0x0000000000000fc8     0x18e1 Drivers/STM32F3xx_HAL_Driver/Src/stm32f3xx_hal_cortex.o
 .debug_info    0x00000000000028a9     0x10b8 Drivers/STM32F3xx_HAL_Driver/Src/stm32f3xx_hal_gpio.o
 .debug_info    0x0000000000003961     0x1e73 Drivers/STM32F3xx_HAL_Driver/Src/stm32f3xx_hal_rcc.o
 .debug_info    0x00000000000057d4     0x2861 Drivers/STM32F3xx_HAL_Driver/Src/stm32f3xx_hal_spi.o
 .debug_info    0x0000000000008035      0xbdc Src/gpio.o
 .debug_info    0x0000000000008c11     0x216c Src/lcd5110.o
 .debug_info    0x000000000000ad7d     0x138d Src/lcd5110_hal.o
 .debug_info    0x000000000000c10a     0x1a1b Src/lcd5110_ll.o
 .debug_info    0x000000000000db25     0x187e Src/main.o
 .debug_info    0x000000000000f3a3     0x1140 Src/spi.o
 .debug_info    0x00000000000104e3      0xd00 Src/stm32f3xx_hal_msp.o
 .debug_info    0x00000000000111e3      0xa0b Src/stm32f3xx_it.o
 .debug_info    0x0000000000011bee      0xc34 Src/system_stm32f3xx.o
 .debug_info    0x0000000000012822       0x9e startup/startup_stm32f303xc.o

.debug_abbrev   0x0000000000000000     0x278b
 .debug_abbrev  0x0000000000000000      0x2d6 Drivers/STM32F3xx_HAL_Driver/Src/stm32f3xx_hal.o
 .debug_abbrev  0x00000000000002d6      0x3b3 Drivers/STM32F3xx_HAL_Driver/Src/stm32f3xx_hal_cortex.o
 .debug_abbrev  0x0000000000000689      0x2dc Drivers/STM32F3xx_HAL_Driver/Src/stm32f3xx_hal_gpio.o
 .debug_abbrev  0x0000000000000965      0x341 Drivers/STM32F3xx_HAL_Driver/Src/stm32f3xx_hal_rcc.o
 .debug_abbrev  0x0000000000000ca6      0x2df Drivers/STM32F3xx_HAL_Driver/Src/stm32f3xx_hal_spi.o
 .debug_abbrev  0x0000000000000f85      0x229 Src/gpio.o
 .debug_abbrev  0x00000000000011ae      0x470 Src/lcd5110.o
 .debug_abbrev  0x000000000000161e      0x29f Src/lcd5110_hal.o
 .debug_abbrev  0x00000000000018bd      0x35d Src/lcd5110_ll.o
 .debug_abbrev  0x0000000000001c1a      0x2eb Src/main.o
 .debug_abbrev  0x0000000000001f05      0x256 Src/spi.o
 .debug_abbrev  0x000000000000215b      0x232 Src/stm32f3xx_hal_msp.o
 .debug_abbrev  0x000000000000238d      0x1e7 Src/stm32f3xx_it.o
 .debug_abbrev  0x0000000000002574      0x205 Src/system_stm32f3xx.o
 .debug_abbrev  0x0000000000002779       0x12 startup/startup_stm32f303xc.o

.debug_loc      0x0000000000000000     0x4bc6
 .debug_loc     0x0000000000000000       0x69 Drivers/STM32F3xx_HAL_Driver/Src/stm32f3xx_hal.o
 .debug_loc     0x0000000000000069      0x730 Drivers/STM32F3xx_HAL_Driver/Src/stm32f3xx_hal_cortex.o
 .debug_loc     0x0000000000000799      0x4e4 Drivers/STM32F3xx_HAL_Driver/Src/stm32f3xx_hal_gpio.o
 .debug_loc     0x0000000000000c7d      0x98e Drivers/STM32F3xx_HAL_Driver/Src/stm32f3xx_hal_rcc.o
 .debug_loc     0x000000000000160b     0x18ac Drivers/STM32F3xx_HAL_Driver/Src/stm32f3xx_hal_spi.o
 .debug_loc     0x0000000000002eb7      0xdf4 Src/lcd5110.o
 .debug_loc     0x0000000000003cab      0x582 Src/lcd5110_hal.o
 .debug_loc     0x000000000000422d      0x68f Src/lcd5110_ll.o
 .debug_loc     0x00000000000048bc      0x1b0 Src/main.o
 .debug_loc     0x0000000000004a6c       0x5b Src/spi.o
 .debug_loc     0x0000000000004ac7       0xff Src/system_stm32f3xx.o

.debug_aranges  0x0000000000000000      0x710
 .debug_aranges
                0x0000000000000000       0xc8 Drivers/STM32F3xx_HAL_Driver/Src/stm32f3xx_hal.o
 .debug_aranges
                0x00000000000000c8       0xa8 Drivers/STM32F3xx_HAL_Driver/Src/stm32f3xx_hal_cortex.o
 .debug_aranges
                0x0000000000000170       0x58 Drivers/STM32F3xx_HAL_Driver/Src/stm32f3xx_hal_gpio.o
 .debug_aranges
                0x00000000000001c8       0x88 Drivers/STM32F3xx_HAL_Driver/Src/stm32f3xx_hal_rcc.o
 .debug_aranges
                0x0000000000000250      0x1d8 Drivers/STM32F3xx_HAL_Driver/Src/stm32f3xx_hal_spi.o
 .debug_aranges
                0x0000000000000428       0x20 Src/gpio.o
 .debug_aranges
                0x0000000000000448       0xc8 Src/lcd5110.o
 .debug_aranges
                0x0000000000000510       0x58 Src/lcd5110_hal.o
 .debug_aranges
                0x0000000000000568       0x68 Src/lcd5110_ll.o
 .debug_aranges
                0x00000000000005d0       0x40 Src/main.o
 .debug_aranges
                0x0000000000000610       0x30 Src/spi.o
 .debug_aranges
                0x0000000000000640       0x20 Src/stm32f3xx_hal_msp.o
 .debug_aranges
                0x0000000000000660       0x60 Src/stm32f3xx_it.o
 .debug_aranges
                0x00000000000006c0       0x28 Src/system_stm32f3xx.o
 .debug_aranges
                0x00000000000006e8       0x28 startup/startup_stm32f303xc.o

.debug_ranges   0x0000000000000000      0x6f0
 .debug_ranges  0x0000000000000000       0xb8 Drivers/STM32F3xx_HAL_Driver/Src/stm32f3xx_hal.o
 .debug_ranges  0x00000000000000b8       0xf8 Drivers/STM32F3xx_HAL_Driver/Src/stm32f3xx_hal_cortex.o
 .debug_ranges  0x00000000000001b0       0x48 Drivers/STM32F3xx_HAL_Driver/Src/stm32f3xx_hal_gpio.o
 .debug_ranges  0x00000000000001f8       0x98 Drivers/STM32F3xx_HAL_Driver/Src/stm32f3xx_hal_rcc.o
 .debug_ranges  0x0000000000000290      0x1c8 Drivers/STM32F3xx_HAL_Driver/Src/stm32f3xx_hal_spi.o
 .debug_ranges  0x0000000000000458       0x10 Src/gpio.o
 .debug_ranges  0x0000000000000468       0xe8 Src/lcd5110.o
 .debug_ranges  0x0000000000000550       0x60 Src/lcd5110_hal.o
 .debug_ranges  0x00000000000005b0       0x58 Src/lcd5110_ll.o
 .debug_ranges  0x0000000000000608       0x30 Src/main.o
 .debug_ranges  0x0000000000000638       0x20 Src/spi.o
 .debug_ranges  0x0000000000000658       0x10 Src/stm32f3xx_hal_msp.o
 .debug_ranges  0x0000000000000668       0x50 Src/stm32f3xx_it.o
 .debug_ranges  0x00000000000006b8       0x18 Src/system_stm32f3xx.o
 .debug_ranges  0x00000000000006d0       0x20 startup/startup_stm32f303xc.o

.debug_macro    0x0000000000000000    0x1a932
 .debug_macro   0x0000000000000000      0x325 Drivers/STM32F3xx_HAL_Driver/Src/stm32f3xx_hal.o
 .debug_macro   0x0000000000000325      0x8bc Drivers/STM32F3xx_HAL_Driver/Src/stm32f3xx_hal.o
 .debug_macro   0x0000000000000be1       0x52 Drivers/STM32F3xx_HAL_Driver/Src/stm32f3xx_hal.o
 .debug_macro   0x0000000000000c33       0xa6 Drivers/STM32F3xx_HAL_Driver/Src/stm32f3xx_hal.o
 .debug_macro   0x0000000000000cd9       0x2f Drivers/STM32F3xx_HAL_Driver/Src/stm32f3xx_hal.o
 .debug_macro   0x0000000000000d08       0x28 Drivers/STM32F3xx_HAL_Driver/Src/stm32f3xx_hal.o
 .debug_macro   0x0000000000000d30       0x22 Drivers/STM32F3xx_HAL_Driver/Src/stm32f3xx_hal.o
 .debug_macro   0x0000000000000d52       0x87 Drivers/STM32F3xx_HAL_Driver/Src/stm32f3xx_hal.o
 .debug_macro   0x0000000000000dd9       0x51 Drivers/STM32F3xx_HAL_Driver/Src/stm32f3xx_hal.o
 .debug_macro   0x0000000000000e2a       0xef Drivers/STM32F3xx_HAL_Driver/Src/stm32f3xx_hal.o
 .debug_macro   0x0000000000000f19       0x6a Drivers/STM32F3xx_HAL_Driver/Src/stm32f3xx_hal.o
 .debug_macro   0x0000000000000f83      0x1df Drivers/STM32F3xx_HAL_Driver/Src/stm32f3xx_hal.o
 .debug_macro   0x0000000000001162       0x35 Drivers/STM32F3xx_HAL_Driver/Src/stm32f3xx_hal.o
 .debug_macro   0x0000000000001197       0x50 Drivers/STM32F3xx_HAL_Driver/Src/stm32f3xx_hal.o
 .debug_macro   0x00000000000011e7      0xe66 Drivers/STM32F3xx_HAL_Driver/Src/stm32f3xx_hal.o
 .debug_macro   0x000000000000204d    0x12a56 Drivers/STM32F3xx_HAL_Driver/Src/stm32f3xx_hal.o
 .debug_macro   0x0000000000014aa3       0x43 Drivers/STM32F3xx_HAL_Driver/Src/stm32f3xx_hal.o
 .debug_macro   0x0000000000014ae6       0x58 Drivers/STM32F3xx_HAL_Driver/Src/stm32f3xx_hal.o
 .debug_macro   0x0000000000014b3e       0x35 Drivers/STM32F3xx_HAL_Driver/Src/stm32f3xx_hal.o
 .debug_macro   0x0000000000014b73       0x9c Drivers/STM32F3xx_HAL_Driver/Src/stm32f3xx_hal.o
 .debug_macro   0x0000000000014c0f       0x16 Drivers/STM32F3xx_HAL_Driver/Src/stm32f3xx_hal.o
 .debug_macro   0x0000000000014c25       0x97 Drivers/STM32F3xx_HAL_Driver/Src/stm32f3xx_hal.o
 .debug_macro   0x0000000000014cbc      0x330 Drivers/STM32F3xx_HAL_Driver/Src/stm32f3xx_hal.o
 .debug_macro   0x0000000000014fec       0xfd Drivers/STM32F3xx_HAL_Driver/Src/stm32f3xx_hal.o
 .debug_macro   0x00000000000150e9       0x10 Drivers/STM32F3xx_HAL_Driver/Src/stm32f3xx_hal.o
 .debug_macro   0x00000000000150f9       0x58 Drivers/STM32F3xx_HAL_Driver/Src/stm32f3xx_hal.o
 .debug_macro   0x0000000000015151       0x1f Drivers/STM32F3xx_HAL_Driver/Src/stm32f3xx_hal.o
 .debug_macro   0x0000000000015170       0x43 Drivers/STM32F3xx_HAL_Driver/Src/stm32f3xx_hal.o
 .debug_macro   0x00000000000151b3       0x20 Drivers/STM32F3xx_HAL_Driver/Src/stm32f3xx_hal.o
 .debug_macro   0x00000000000151d3      0x187 Drivers/STM32F3xx_HAL_Driver/Src/stm32f3xx_hal.o
 .debug_macro   0x000000000001535a       0x10 Drivers/STM32F3xx_HAL_Driver/Src/stm32f3xx_hal.o
 .debug_macro   0x000000000001536a       0x1c Drivers/STM32F3xx_HAL_Driver/Src/stm32f3xx_hal.o
 .debug_macro   0x0000000000015386       0x52 Drivers/STM32F3xx_HAL_Driver/Src/stm32f3xx_hal.o
 .debug_macro   0x00000000000153d8       0x40 Drivers/STM32F3xx_HAL_Driver/Src/stm32f3xx_hal.o
 .debug_macro   0x0000000000015418       0x10 Drivers/STM32F3xx_HAL_Driver/Src/stm32f3xx_hal.o
 .debug_macro   0x0000000000015428       0x40 Drivers/STM32F3xx_HAL_Driver/Src/stm32f3xx_hal.o
 .debug_macro   0x0000000000015468       0xd7 Drivers/STM32F3xx_HAL_Driver/Src/stm32f3xx_hal.o
 .debug_macro   0x000000000001553f       0x16 Drivers/STM32F3xx_HAL_Driver/Src/stm32f3xx_hal.o
 .debug_macro   0x0000000000015555      0x18b Drivers/STM32F3xx_HAL_Driver/Src/stm32f3xx_hal.o
 .debug_macro   0x00000000000156e0       0x49 Drivers/STM32F3xx_HAL_Driver/Src/stm32f3xx_hal.o
 .debug_macro   0x0000000000015729      0x968 Drivers/STM32F3xx_HAL_Driver/Src/stm32f3xx_hal.o
 .debug_macro   0x0000000000016091      0x5fe Drivers/STM32F3xx_HAL_Driver/Src/stm32f3xx_hal.o
 .debug_macro   0x000000000001668f      0x13a Drivers/STM32F3xx_HAL_Driver/Src/stm32f3xx_hal.o
 .debug_macro   0x00000000000167c9      0x1fb Drivers/STM32F3xx_HAL_Driver/Src/stm32f3xx_hal.o
 .debug_macro   0x00000000000169c4      0x1bc Drivers/STM32F3xx_HAL_Driver/Src/stm32f3xx_hal.o
 .debug_macro   0x0000000000016b80       0x31 Drivers/STM32F3xx_HAL_Driver/Src/stm32f3xx_hal.o
 .debug_macro   0x0000000000016bb1       0x3c Drivers/STM32F3xx_HAL_Driver/Src/stm32f3xx_hal.o
 .debug_macro   0x0000000000016bed      0x23a Drivers/STM32F3xx_HAL_Driver/Src/stm32f3xx_hal.o
 .debug_macro   0x0000000000016e27       0xcb Drivers/STM32F3xx_HAL_Driver/Src/stm32f3xx_hal.o
 .debug_macro   0x0000000000016ef2      0x22b Drivers/STM32F3xx_HAL_Driver/Src/stm32f3xx_hal.o
 .debug_macro   0x000000000001711d      0x202 Drivers/STM32F3xx_HAL_Driver/Src/stm32f3xx_hal.o
 .debug_macro   0x000000000001731f       0x5b Drivers/STM32F3xx_HAL_Driver/Src/stm32f3xx_hal.o
 .debug_macro   0x000000000001737a       0x90 Drivers/STM32F3xx_HAL_Driver/Src/stm32f3xx_hal.o
 .debug_macro   0x000000000001740a       0x82 Drivers/STM32F3xx_HAL_Driver/Src/stm32f3xx_hal.o
 .debug_macro   0x000000000001748c       0xd3 Drivers/STM32F3xx_HAL_Driver/Src/stm32f3xx_hal.o
 .debug_macro   0x000000000001755f      0x2e9 Drivers/STM32F3xx_HAL_Driver/Src/stm32f3xx_hal.o
 .debug_macro   0x0000000000017848      0x26e Drivers/STM32F3xx_HAL_Driver/Src/stm32f3xx_hal.o
 .debug_macro   0x0000000000017ab6      0x301 Drivers/STM32F3xx_HAL_Driver/Src/stm32f3xx_hal_cortex.o
 .debug_macro   0x0000000000017db7      0x339 Drivers/STM32F3xx_HAL_Driver/Src/stm32f3xx_hal_gpio.o
 .debug_macro   0x00000000000180f0      0x325 Drivers/STM32F3xx_HAL_Driver/Src/stm32f3xx_hal_rcc.o
 .debug_macro   0x0000000000018415      0x309 Drivers/STM32F3xx_HAL_Driver/Src/stm32f3xx_hal_spi.o
 .debug_macro   0x000000000001871e      0x30b Src/gpio.o
 .debug_macro   0x0000000000018a29      0x3a7 Src/lcd5110.o
 .debug_macro   0x0000000000018dd0       0x22 Src/lcd5110.o
 .debug_macro   0x0000000000018df2       0x3b Src/lcd5110.o
 .debug_macro   0x0000000000018e2d       0x28 Src/lcd5110.o
 .debug_macro   0x0000000000018e55       0x2b Src/lcd5110.o
 .debug_macro   0x0000000000018e80      0x118 Src/lcd5110.o
 .debug_macro   0x0000000000018f98      0x1e1 Src/lcd5110.o
 .debug_macro   0x0000000000019179      0x10b Src/lcd5110.o
 .debug_macro   0x0000000000019284       0x4c Src/lcd5110.o
 .debug_macro   0x00000000000192d0      0x337 Src/lcd5110_hal.o
 .debug_macro   0x0000000000019607      0x392 Src/lcd5110_ll.o
 .debug_macro   0x0000000000019999      0x371 Src/main.o
 .debug_macro   0x0000000000019d0a      0x315 Src/spi.o
 .debug_macro   0x000000000001a01f      0x301 Src/stm32f3xx_hal_msp.o
 .debug_macro   0x000000000001a320      0x30b Src/stm32f3xx_it.o
 .debug_macro   0x000000000001a62b      0x307 Src/system_stm32f3xx.o

.debug_line     0x0000000000000000     0x822d
 .debug_line    0x0000000000000000      0x86b Drivers/STM32F3xx_HAL_Driver/Src/stm32f3xx_hal.o
 .debug_line    0x000000000000086b      0x972 Drivers/STM32F3xx_HAL_Driver/Src/stm32f3xx_hal_cortex.o
 .debug_line    0x00000000000011dd      0x94d Drivers/STM32F3xx_HAL_Driver/Src/stm32f3xx_hal_gpio.o
 .debug_line    0x0000000000001b2a      0xd05 Drivers/STM32F3xx_HAL_Driver/Src/stm32f3xx_hal_rcc.o
 .debug_line    0x000000000000282f     0x135c Drivers/STM32F3xx_HAL_Driver/Src/stm32f3xx_hal_spi.o
 .debug_line    0x0000000000003b8b      0x6d9 Src/gpio.o
 .debug_line    0x0000000000004264      0xabb Src/lcd5110.o
 .debug_line    0x0000000000004d1f      0x864 Src/lcd5110_hal.o
 .debug_line    0x0000000000005583      0x831 Src/lcd5110_ll.o
 .debug_line    0x0000000000005db4      0x793 Src/main.o
 .debug_line    0x0000000000006547      0x720 Src/spi.o
 .debug_line    0x0000000000006c67      0x6dd Src/stm32f3xx_hal_msp.o
 .debug_line    0x0000000000007344      0x763 Src/stm32f3xx_it.o
 .debug_line    0x0000000000007aa7      0x707 Src/system_stm32f3xx.o
 .debug_line    0x00000000000081ae       0x7f startup/startup_stm32f303xc.o

.debug_str      0x0000000000000000    0x8e6fa
 .debug_str     0x0000000000000000    0x8b212 Drivers/STM32F3xx_HAL_Driver/Src/stm32f3xx_hal.o
                                      0x8b57c (size before relaxing)
 .debug_str     0x000000000008b212      0x409 Drivers/STM32F3xx_HAL_Driver/Src/stm32f3xx_hal_cortex.o
                                      0x8b693 (size before relaxing)
 .debug_str     0x000000000008b61b      0x2ae Drivers/STM32F3xx_HAL_Driver/Src/stm32f3xx_hal_gpio.o
                                      0x8b057 (size before relaxing)
 .debug_str     0x000000000008b8c9      0x40d Drivers/STM32F3xx_HAL_Driver/Src/stm32f3xx_hal_rcc.o
                                      0x8b261 (size before relaxing)
 .debug_str     0x000000000008bcd6      0x92e Drivers/STM32F3xx_HAL_Driver/Src/stm32f3xx_hal_spi.o
                                      0x8b6c8 (size before relaxing)
 .debug_str     0x000000000008c604       0x35 Src/gpio.o
                                      0x8ae09 (size before relaxing)
 .debug_str     0x000000000008c639     0x1917 Src/lcd5110.o
                                      0x8cb44 (size before relaxing)
 .debug_str     0x000000000008df50       0xa6 Src/lcd5110_hal.o
                                      0x8b31f (size before relaxing)
 .debug_str     0x000000000008dff6      0x475 Src/lcd5110_ll.o
                                      0x8b782 (size before relaxing)
 .debug_str     0x000000000008e46b      0x137 Src/main.o
                                      0x8bb17 (size before relaxing)
 .debug_str     0x000000000008e5a2       0x17 Src/spi.o
                                      0x8b230 (size before relaxing)
 .debug_str     0x000000000008e5b9       0x1b Src/stm32f3xx_hal_msp.o
                                      0x8b1b2 (size before relaxing)
 .debug_str     0x000000000008e5d4       0xb8 Src/stm32f3xx_it.o
                                      0x8ada8 (size before relaxing)
 .debug_str     0x000000000008e68c       0x6e Src/system_stm32f3xx.o
                                      0x8adec (size before relaxing)

.comment        0x0000000000000000       0x7f
 .comment       0x0000000000000000       0x7f Drivers/STM32F3xx_HAL_Driver/Src/stm32f3xx_hal.o
                                         0x80 (size before relaxing)
 .comment       0x000000000000007f       0x80 Drivers/STM32F3xx_HAL_Driver/Src/stm32f3xx_hal_cortex.o
 .comment       0x000000000000007f       0x80 Drivers/STM32F3xx_HAL_Driver/Src/stm32f3xx_hal_gpio.o
 .comment       0x000000000000007f       0x80 Drivers/STM32F3xx_HAL_Driver/Src/stm32f3xx_hal_rcc.o
 .comment       0x000000000000007f       0x80 Drivers/STM32F3xx_HAL_Driver/Src/stm32f3xx_hal_spi.o
 .comment       0x000000000000007f       0x80 Src/gpio.o
 .comment       0x000000000000007f       0x80 Src/lcd5110.o
 .comment       0x000000000000007f       0x80 Src/lcd5110_hal.o
 .comment       0x000000000000007f       0x80 Src/lcd5110_ll.o
 .comment       0x000000000000007f       0x80 Src/main.o
 .comment       0x000000000000007f       0x80 Src/spi.o
 .comment       0x000000000000007f       0x80 Src/stm32f3xx_hal_msp.o
 .comment       0x000000000000007f       0x80 Src/stm32f3xx_it.o
 .comment       0x000000000000007f       0x80 Src/system_stm32f3xx.o

.debug_frame    0x0000000000000000     0x16ec
 .debug_frame   0x0000000000000000      0x198 Drivers/STM32F3xx_HAL_Driver/Src/stm32f3xx_hal.o
 .debug_frame   0x0000000000000198      0x17c Drivers/STM32F3xx_HAL_Driver/Src/stm32f3xx_hal_cortex.o
 .debug_frame   0x0000000000000314       0xfc Drivers/STM32F3xx_HAL_Driver/Src/stm32f3xx_hal_gpio.o
 .debug_frame   0x0000000000000410      0x164 Drivers/STM32F3xx_HAL_Driver/Src/stm32f3xx_hal_rcc.o
 .debug_frame   0x0000000000000574      0x5c4 Drivers/STM32F3xx_HAL_Driver/Src/stm32f3xx_hal_spi.o
 .debug_frame   0x0000000000000b38       0x30 Src/gpio.o
 .debug_frame   0x0000000000000b68      0x30c Src/lcd5110.o
 .debug_frame   0x0000000000000e74       0xf8 Src/lcd5110_hal.o
 .debug_frame   0x0000000000000f6c      0x14c Src/lcd5110_ll.o
 .debug_frame   0x00000000000010b8       0x90 Src/main.o
 .debug_frame   0x0000000000001148       0x64 Src/spi.o
 .debug_frame   0x00000000000011ac       0x2c Src/stm32f3xx_hal_msp.o
 .debug_frame   0x00000000000011d8       0xa8 Src/stm32f3xx_it.o
 .debug_frame   0x0000000000001280       0x30 Src/system_stm32f3xx.o
 .debug_frame   0x00000000000012b0       0x2c /home/ivosar/Ac6/SystemWorkbench/plugins/fr.ac6.mcu.externaltools.arm-none.linux64_1.15.0.201708311556/tools/compiler/bin/../lib/gcc/arm-none-eabi/6.3.1/../../../../arm-none-eabi/lib/thumb/v7e-m/fpv4-sp/hard/libc_nano.a(lib_a-init.o)
 .debug_frame   0x00000000000012dc       0x68 /home/ivosar/Ac6/SystemWorkbench/plugins/fr.ac6.mcu.externaltools.arm-none.linux64_1.15.0.201708311556/tools/compiler/bin/../lib/gcc/arm-none-eabi/6.3.1/../../../../arm-none-eabi/lib/thumb/v7e-m/fpv4-sp/hard/libc_nano.a(lib_a-locale.o)
 .debug_frame   0x0000000000001344       0x48 /home/ivosar/Ac6/SystemWorkbench/plugins/fr.ac6.mcu.externaltools.arm-none.linux64_1.15.0.201708311556/tools/compiler/bin/../lib/gcc/arm-none-eabi/6.3.1/../../../../arm-none-eabi/lib/thumb/v7e-m/fpv4-sp/hard/libc_nano.a(lib_a-mbtowc_r.o)
 .debug_frame   0x000000000000138c       0x4c /home/ivosar/Ac6/SystemWorkbench/plugins/fr.ac6.mcu.externaltools.arm-none.linux64_1.15.0.201708311556/tools/compiler/bin/../lib/gcc/arm-none-eabi/6.3.1/../../../../arm-none-eabi/lib/thumb/v7e-m/fpv4-sp/hard/libc_nano.a(lib_a-vsnprintf.o)
 .debug_frame   0x00000000000013d8       0x3c /home/ivosar/Ac6/SystemWorkbench/plugins/fr.ac6.mcu.externaltools.arm-none.linux64_1.15.0.201708311556/tools/compiler/bin/../lib/gcc/arm-none-eabi/6.3.1/../../../../arm-none-eabi/lib/thumb/v7e-m/fpv4-sp/hard/libc_nano.a(lib_a-wctomb_r.o)
 .debug_frame   0x0000000000001414       0x90 /home/ivosar/Ac6/SystemWorkbench/plugins/fr.ac6.mcu.externaltools.arm-none.linux64_1.15.0.201708311556/tools/compiler/bin/../lib/gcc/arm-none-eabi/6.3.1/../../../../arm-none-eabi/lib/thumb/v7e-m/fpv4-sp/hard/libc_nano.a(lib_a-nano-svfprintf.o)
 .debug_frame   0x00000000000014a4       0x60 /home/ivosar/Ac6/SystemWorkbench/plugins/fr.ac6.mcu.externaltools.arm-none.linux64_1.15.0.201708311556/tools/compiler/bin/../lib/gcc/arm-none-eabi/6.3.1/../../../../arm-none-eabi/lib/thumb/v7e-m/fpv4-sp/hard/libc_nano.a(lib_a-nano-vfprintf_i.o)
 .debug_frame   0x0000000000001504       0x28 /home/ivosar/Ac6/SystemWorkbench/plugins/fr.ac6.mcu.externaltools.arm-none.linux64_1.15.0.201708311556/tools/compiler/bin/../lib/gcc/arm-none-eabi/6.3.1/../../../../arm-none-eabi/lib/thumb/v7e-m/fpv4-sp/hard/libc_nano.a(lib_a-memcpy-stub.o)
 .debug_frame   0x000000000000152c       0x28 /home/ivosar/Ac6/SystemWorkbench/plugins/fr.ac6.mcu.externaltools.arm-none.linux64_1.15.0.201708311556/tools/compiler/bin/../lib/gcc/arm-none-eabi/6.3.1/../../../../arm-none-eabi/lib/thumb/v7e-m/fpv4-sp/hard/libc_nano.a(lib_a-memmove.o)
 .debug_frame   0x0000000000001554       0x38 /home/ivosar/Ac6/SystemWorkbench/plugins/fr.ac6.mcu.externaltools.arm-none.linux64_1.15.0.201708311556/tools/compiler/bin/../lib/gcc/arm-none-eabi/6.3.1/../../../../arm-none-eabi/lib/thumb/v7e-m/fpv4-sp/hard/libc_nano.a(lib_a-nano-freer.o)
 .debug_frame   0x000000000000158c       0x2c /home/ivosar/Ac6/SystemWorkbench/plugins/fr.ac6.mcu.externaltools.arm-none.linux64_1.15.0.201708311556/tools/compiler/bin/../lib/gcc/arm-none-eabi/6.3.1/../../../../arm-none-eabi/lib/thumb/v7e-m/fpv4-sp/hard/libc_nano.a(lib_a-nano-mallocr.o)
 .debug_frame   0x00000000000015b8       0x3c /home/ivosar/Ac6/SystemWorkbench/plugins/fr.ac6.mcu.externaltools.arm-none.linux64_1.15.0.201708311556/tools/compiler/bin/../lib/gcc/arm-none-eabi/6.3.1/../../../../arm-none-eabi/lib/thumb/v7e-m/fpv4-sp/hard/libc_nano.a(lib_a-nano-reallocr.o)
 .debug_frame   0x00000000000015f4       0x2c /home/ivosar/Ac6/SystemWorkbench/plugins/fr.ac6.mcu.externaltools.arm-none.linux64_1.15.0.201708311556/tools/compiler/bin/../lib/gcc/arm-none-eabi/6.3.1/../../../../arm-none-eabi/lib/thumb/v7e-m/fpv4-sp/hard/libc_nano.a(lib_a-sbrkr.o)
 .debug_frame   0x0000000000001620       0x30 /home/ivosar/Ac6/SystemWorkbench/plugins/fr.ac6.mcu.externaltools.arm-none.linux64_1.15.0.201708311556/tools/compiler/bin/../lib/gcc/arm-none-eabi/6.3.1/../../../../arm-none-eabi/lib/thumb/v7e-m/fpv4-sp/hard/libc_nano.a(lib_a-mlock.o)
 .debug_frame   0x0000000000001650       0x20 /home/ivosar/Ac6/SystemWorkbench/plugins/fr.ac6.mcu.externaltools.arm-none.linux64_1.15.0.201708311556/tools/compiler/bin/../lib/gcc/arm-none-eabi/6.3.1/../../../../arm-none-eabi/lib/thumb/v7e-m/fpv4-sp/hard/libc_nano.a(lib_a-nano-msizer.o)
 .debug_frame   0x0000000000001670       0x5c /home/ivosar/Ac6/SystemWorkbench/plugins/fr.ac6.mcu.externaltools.arm-none.linux64_1.15.0.201708311556/tools/compiler/bin/../lib/gcc/arm-none-eabi/6.3.1/../../../../arm-none-eabi/lib/thumb/v7e-m/fpv4-sp/hard/libc_nano.a(lib_a-reent.o)
 .debug_frame   0x00000000000016cc       0x20 /home/ivosar/Ac6/SystemWorkbench/plugins/fr.ac6.mcu.externaltools.arm-none.linux64_1.15.0.201708311556/tools/compiler/bin/../lib/gcc/arm-none-eabi/6.3.1/../../../../arm-none-eabi/lib/thumb/v7e-m/fpv4-sp/hard/libnosys.a(sbrk.o)
