14:45:43 **** Build of configuration Debug for project RTC_1_Cube ****
make all 
Building file: ../startup/startup_stm32f303xc.s
Invoking: MCU GCC Assembler
E:\Vasyl\Programs\STM32F303\RTC\RTC_1\RTC_1_Cube\Debug
arm-none-eabi-as -mcpu=cortex-m4 -mthumb -mfloat-abi=hard -mfpu=fpv4-sp-d16 -g -o "startup/startup_stm32f303xc.o" "../startup/startup_stm32f303xc.s"
Finished building: ../startup/startup_stm32f303xc.s
 
Building file: ../Src/gpio.c
Invoking: MCU GCC Compiler
E:\Vasyl\Programs\STM32F303\RTC\RTC_1\RTC_1_Cube\Debug
arm-none-eabi-gcc -mcpu=cortex-m4 -mthumb -mfloat-abi=hard -mfpu=fpv4-sp-d16 '-D__weak=__attribute__((weak))' '-D__packed=__attribute__((__packed__))' -DUSE_HAL_DRIVER -DSTM32F303xC -I"E:/Vasyl/Programs/STM32F303/RTC/RTC_1/RTC_1_Cube/Inc" -I"E:/Vasyl/Programs/STM32F303/RTC/RTC_1/RTC_1_Cube/Drivers/STM32F3xx_HAL_Driver/Inc" -I"E:/Vasyl/Programs/STM32F303/RTC/RTC_1/RTC_1_Cube/Drivers/STM32F3xx_HAL_Driver/Inc/Legacy" -I"E:/Vasyl/Programs/STM32F303/RTC/RTC_1/RTC_1_Cube/Drivers/CMSIS/Device/ST/STM32F3xx/Include" -I"E:/Vasyl/Programs/STM32F303/RTC/RTC_1/RTC_1_Cube/Drivers/CMSIS/Include"  -Og -g3 -Wall -fmessage-length=0 -ffunction-sections -c -fmessage-length=0 -MMD -MP -MF"Src/gpio.d" -MT"Src/gpio.o" -o "Src/gpio.o" "../Src/gpio.c"
Finished building: ../Src/gpio.c
 
Building file: ../Src/i2c.c
Invoking: MCU GCC Compiler
E:\Vasyl\Programs\STM32F303\RTC\RTC_1\RTC_1_Cube\Debug
arm-none-eabi-gcc -mcpu=cortex-m4 -mthumb -mfloat-abi=hard -mfpu=fpv4-sp-d16 '-D__weak=__attribute__((weak))' '-D__packed=__attribute__((__packed__))' -DUSE_HAL_DRIVER -DSTM32F303xC -I"E:/Vasyl/Programs/STM32F303/RTC/RTC_1/RTC_1_Cube/Inc" -I"E:/Vasyl/Programs/STM32F303/RTC/RTC_1/RTC_1_Cube/Drivers/STM32F3xx_HAL_Driver/Inc" -I"E:/Vasyl/Programs/STM32F303/RTC/RTC_1/RTC_1_Cube/Drivers/STM32F3xx_HAL_Driver/Inc/Legacy" -I"E:/Vasyl/Programs/STM32F303/RTC/RTC_1/RTC_1_Cube/Drivers/CMSIS/Device/ST/STM32F3xx/Include" -I"E:/Vasyl/Programs/STM32F303/RTC/RTC_1/RTC_1_Cube/Drivers/CMSIS/Include"  -Og -g3 -Wall -fmessage-length=0 -ffunction-sections -c -fmessage-length=0 -MMD -MP -MF"Src/i2c.d" -MT"Src/i2c.o" -o "Src/i2c.o" "../Src/i2c.c"
Finished building: ../Src/i2c.c
 
Building file: ../Src/main.c
Invoking: MCU GCC Compiler
E:\Vasyl\Programs\STM32F303\RTC\RTC_1\RTC_1_Cube\Debug
arm-none-eabi-gcc -mcpu=cortex-m4 -mthumb -mfloat-abi=hard -mfpu=fpv4-sp-d16 '-D__weak=__attribute__((weak))' '-D__packed=__attribute__((__packed__))' -DUSE_HAL_DRIVER -DSTM32F303xC -I"E:/Vasyl/Programs/STM32F303/RTC/RTC_1/RTC_1_Cube/Inc" -I"E:/Vasyl/Programs/STM32F303/RTC/RTC_1/RTC_1_Cube/Drivers/STM32F3xx_HAL_Driver/Inc" -I"E:/Vasyl/Programs/STM32F303/RTC/RTC_1/RTC_1_Cube/Drivers/STM32F3xx_HAL_Driver/Inc/Legacy" -I"E:/Vasyl/Programs/STM32F303/RTC/RTC_1/RTC_1_Cube/Drivers/CMSIS/Device/ST/STM32F3xx/Include" -I"E:/Vasyl/Programs/STM32F303/RTC/RTC_1/RTC_1_Cube/Drivers/CMSIS/Include"  -Og -g3 -Wall -fmessage-length=0 -ffunction-sections -c -fmessage-length=0 -MMD -MP -MF"Src/main.d" -MT"Src/main.o" -o "Src/main.o" "../Src/main.c"
Finished building: ../Src/main.c
 
Building file: ../Src/stm32f3xx_hal_msp.c
Invoking: MCU GCC Compiler
E:\Vasyl\Programs\STM32F303\RTC\RTC_1\RTC_1_Cube\Debug
arm-none-eabi-gcc -mcpu=cortex-m4 -mthumb -mfloat-abi=hard -mfpu=fpv4-sp-d16 '-D__weak=__attribute__((weak))' '-D__packed=__attribute__((__packed__))' -DUSE_HAL_DRIVER -DSTM32F303xC -I"E:/Vasyl/Programs/STM32F303/RTC/RTC_1/RTC_1_Cube/Inc" -I"E:/Vasyl/Programs/STM32F303/RTC/RTC_1/RTC_1_Cube/Drivers/STM32F3xx_HAL_Driver/Inc" -I"E:/Vasyl/Programs/STM32F303/RTC/RTC_1/RTC_1_Cube/Drivers/STM32F3xx_HAL_Driver/Inc/Legacy" -I"E:/Vasyl/Programs/STM32F303/RTC/RTC_1/RTC_1_Cube/Drivers/CMSIS/Device/ST/STM32F3xx/Include" -I"E:/Vasyl/Programs/STM32F303/RTC/RTC_1/RTC_1_Cube/Drivers/CMSIS/Include"  -Og -g3 -Wall -fmessage-length=0 -ffunction-sections -c -fmessage-length=0 -MMD -MP -MF"Src/stm32f3xx_hal_msp.d" -MT"Src/stm32f3xx_hal_msp.o" -o "Src/stm32f3xx_hal_msp.o" "../Src/stm32f3xx_hal_msp.c"
Finished building: ../Src/stm32f3xx_hal_msp.c
 
Building file: ../Src/stm32f3xx_it.c
Invoking: MCU GCC Compiler
E:\Vasyl\Programs\STM32F303\RTC\RTC_1\RTC_1_Cube\Debug
arm-none-eabi-gcc -mcpu=cortex-m4 -mthumb -mfloat-abi=hard -mfpu=fpv4-sp-d16 '-D__weak=__attribute__((weak))' '-D__packed=__attribute__((__packed__))' -DUSE_HAL_DRIVER -DSTM32F303xC -I"E:/Vasyl/Programs/STM32F303/RTC/RTC_1/RTC_1_Cube/Inc" -I"E:/Vasyl/Programs/STM32F303/RTC/RTC_1/RTC_1_Cube/Drivers/STM32F3xx_HAL_Driver/Inc" -I"E:/Vasyl/Programs/STM32F303/RTC/RTC_1/RTC_1_Cube/Drivers/STM32F3xx_HAL_Driver/Inc/Legacy" -I"E:/Vasyl/Programs/STM32F303/RTC/RTC_1/RTC_1_Cube/Drivers/CMSIS/Device/ST/STM32F3xx/Include" -I"E:/Vasyl/Programs/STM32F303/RTC/RTC_1/RTC_1_Cube/Drivers/CMSIS/Include"  -Og -g3 -Wall -fmessage-length=0 -ffunction-sections -c -fmessage-length=0 -MMD -MP -MF"Src/stm32f3xx_it.d" -MT"Src/stm32f3xx_it.o" -o "Src/stm32f3xx_it.o" "../Src/stm32f3xx_it.c"
Finished building: ../Src/stm32f3xx_it.c
 
Building file: ../Src/system_stm32f3xx.c
Invoking: MCU GCC Compiler
E:\Vasyl\Programs\STM32F303\RTC\RTC_1\RTC_1_Cube\Debug
arm-none-eabi-gcc -mcpu=cortex-m4 -mthumb -mfloat-abi=hard -mfpu=fpv4-sp-d16 '-D__weak=__attribute__((weak))' '-D__packed=__attribute__((__packed__))' -DUSE_HAL_DRIVER -DSTM32F303xC -I"E:/Vasyl/Programs/STM32F303/RTC/RTC_1/RTC_1_Cube/Inc" -I"E:/Vasyl/Programs/STM32F303/RTC/RTC_1/RTC_1_Cube/Drivers/STM32F3xx_HAL_Driver/Inc" -I"E:/Vasyl/Programs/STM32F303/RTC/RTC_1/RTC_1_Cube/Drivers/STM32F3xx_HAL_Driver/Inc/Legacy" -I"E:/Vasyl/Programs/STM32F303/RTC/RTC_1/RTC_1_Cube/Drivers/CMSIS/Device/ST/STM32F3xx/Include" -I"E:/Vasyl/Programs/STM32F303/RTC/RTC_1/RTC_1_Cube/Drivers/CMSIS/Include"  -Og -g3 -Wall -fmessage-length=0 -ffunction-sections -c -fmessage-length=0 -MMD -MP -MF"Src/system_stm32f3xx.d" -MT"Src/system_stm32f3xx.o" -o "Src/system_stm32f3xx.o" "../Src/system_stm32f3xx.c"
Finished building: ../Src/system_stm32f3xx.c
 
Building file: ../Drivers/STM32F3xx_HAL_Driver/Src/stm32f3xx_hal.c
Invoking: MCU GCC Compiler
E:\Vasyl\Programs\STM32F303\RTC\RTC_1\RTC_1_Cube\Debug
arm-none-eabi-gcc -mcpu=cortex-m4 -mthumb -mfloat-abi=hard -mfpu=fpv4-sp-d16 '-D__weak=__attribute__((weak))' '-D__packed=__attribute__((__packed__))' -DUSE_HAL_DRIVER -DSTM32F303xC -I"E:/Vasyl/Programs/STM32F303/RTC/RTC_1/RTC_1_Cube/Inc" -I"E:/Vasyl/Programs/STM32F303/RTC/RTC_1/RTC_1_Cube/Drivers/STM32F3xx_HAL_Driver/Inc" -I"E:/Vasyl/Programs/STM32F303/RTC/RTC_1/RTC_1_Cube/Drivers/STM32F3xx_HAL_Driver/Inc/Legacy" -I"E:/Vasyl/Programs/STM32F303/RTC/RTC_1/RTC_1_Cube/Drivers/CMSIS/Device/ST/STM32F3xx/Include" -I"E:/Vasyl/Programs/STM32F303/RTC/RTC_1/RTC_1_Cube/Drivers/CMSIS/Include"  -Og -g3 -Wall -fmessage-length=0 -ffunction-sections -c -fmessage-length=0 -MMD -MP -MF"Drivers/STM32F3xx_HAL_Driver/Src/stm32f3xx_hal.d" -MT"Drivers/STM32F3xx_HAL_Driver/Src/stm32f3xx_hal.o" -o "Drivers/STM32F3xx_HAL_Driver/Src/stm32f3xx_hal.o" "../Drivers/STM32F3xx_HAL_Driver/Src/stm32f3xx_hal.c"
Finished building: ../Drivers/STM32F3xx_HAL_Driver/Src/stm32f3xx_hal.c
 
Building file: ../Drivers/STM32F3xx_HAL_Driver/Src/stm32f3xx_hal_cortex.c
Invoking: MCU GCC Compiler
E:\Vasyl\Programs\STM32F303\RTC\RTC_1\RTC_1_Cube\Debug
arm-none-eabi-gcc -mcpu=cortex-m4 -mthumb -mfloat-abi=hard -mfpu=fpv4-sp-d16 '-D__weak=__attribute__((weak))' '-D__packed=__attribute__((__packed__))' -DUSE_HAL_DRIVER -DSTM32F303xC -I"E:/Vasyl/Programs/STM32F303/RTC/RTC_1/RTC_1_Cube/Inc" -I"E:/Vasyl/Programs/STM32F303/RTC/RTC_1/RTC_1_Cube/Drivers/STM32F3xx_HAL_Driver/Inc" -I"E:/Vasyl/Programs/STM32F303/RTC/RTC_1/RTC_1_Cube/Drivers/STM32F3xx_HAL_Driver/Inc/Legacy" -I"E:/Vasyl/Programs/STM32F303/RTC/RTC_1/RTC_1_Cube/Drivers/CMSIS/Device/ST/STM32F3xx/Include" -I"E:/Vasyl/Programs/STM32F303/RTC/RTC_1/RTC_1_Cube/Drivers/CMSIS/Include"  -Og -g3 -Wall -fmessage-length=0 -ffunction-sections -c -fmessage-length=0 -MMD -MP -MF"Drivers/STM32F3xx_HAL_Driver/Src/stm32f3xx_hal_cortex.d" -MT"Drivers/STM32F3xx_HAL_Driver/Src/stm32f3xx_hal_cortex.o" -o "Drivers/STM32F3xx_HAL_Driver/Src/stm32f3xx_hal_cortex.o" "../Drivers/STM32F3xx_HAL_Driver/Src/stm32f3xx_hal_cortex.c"
Finished building: ../Drivers/STM32F3xx_HAL_Driver/Src/stm32f3xx_hal_cortex.c
 
Building file: ../Drivers/STM32F3xx_HAL_Driver/Src/stm32f3xx_hal_dma.c
Invoking: MCU GCC Compiler
E:\Vasyl\Programs\STM32F303\RTC\RTC_1\RTC_1_Cube\Debug
arm-none-eabi-gcc -mcpu=cortex-m4 -mthumb -mfloat-abi=hard -mfpu=fpv4-sp-d16 '-D__weak=__attribute__((weak))' '-D__packed=__attribute__((__packed__))' -DUSE_HAL_DRIVER -DSTM32F303xC -I"E:/Vasyl/Programs/STM32F303/RTC/RTC_1/RTC_1_Cube/Inc" -I"E:/Vasyl/Programs/STM32F303/RTC/RTC_1/RTC_1_Cube/Drivers/STM32F3xx_HAL_Driver/Inc" -I"E:/Vasyl/Programs/STM32F303/RTC/RTC_1/RTC_1_Cube/Drivers/STM32F3xx_HAL_Driver/Inc/Legacy" -I"E:/Vasyl/Programs/STM32F303/RTC/RTC_1/RTC_1_Cube/Drivers/CMSIS/Device/ST/STM32F3xx/Include" -I"E:/Vasyl/Programs/STM32F303/RTC/RTC_1/RTC_1_Cube/Drivers/CMSIS/Include"  -Og -g3 -Wall -fmessage-length=0 -ffunction-sections -c -fmessage-length=0 -MMD -MP -MF"Drivers/STM32F3xx_HAL_Driver/Src/stm32f3xx_hal_dma.d" -MT"Drivers/STM32F3xx_HAL_Driver/Src/stm32f3xx_hal_dma.o" -o "Drivers/STM32F3xx_HAL_Driver/Src/stm32f3xx_hal_dma.o" "../Drivers/STM32F3xx_HAL_Driver/Src/stm32f3xx_hal_dma.c"
Finished building: ../Drivers/STM32F3xx_HAL_Driver/Src/stm32f3xx_hal_dma.c
 
Building file: ../Drivers/STM32F3xx_HAL_Driver/Src/stm32f3xx_hal_flash.c
Invoking: MCU GCC Compiler
E:\Vasyl\Programs\STM32F303\RTC\RTC_1\RTC_1_Cube\Debug
arm-none-eabi-gcc -mcpu=cortex-m4 -mthumb -mfloat-abi=hard -mfpu=fpv4-sp-d16 '-D__weak=__attribute__((weak))' '-D__packed=__attribute__((__packed__))' -DUSE_HAL_DRIVER -DSTM32F303xC -I"E:/Vasyl/Programs/STM32F303/RTC/RTC_1/RTC_1_Cube/Inc" -I"E:/Vasyl/Programs/STM32F303/RTC/RTC_1/RTC_1_Cube/Drivers/STM32F3xx_HAL_Driver/Inc" -I"E:/Vasyl/Programs/STM32F303/RTC/RTC_1/RTC_1_Cube/Drivers/STM32F3xx_HAL_Driver/Inc/Legacy" -I"E:/Vasyl/Programs/STM32F303/RTC/RTC_1/RTC_1_Cube/Drivers/CMSIS/Device/ST/STM32F3xx/Include" -I"E:/Vasyl/Programs/STM32F303/RTC/RTC_1/RTC_1_Cube/Drivers/CMSIS/Include"  -Og -g3 -Wall -fmessage-length=0 -ffunction-sections -c -fmessage-length=0 -MMD -MP -MF"Drivers/STM32F3xx_HAL_Driver/Src/stm32f3xx_hal_flash.d" -MT"Drivers/STM32F3xx_HAL_Driver/Src/stm32f3xx_hal_flash.o" -o "Drivers/STM32F3xx_HAL_Driver/Src/stm32f3xx_hal_flash.o" "../Drivers/STM32F3xx_HAL_Driver/Src/stm32f3xx_hal_flash.c"
Finished building: ../Drivers/STM32F3xx_HAL_Driver/Src/stm32f3xx_hal_flash.c
 
Building file: ../Drivers/STM32F3xx_HAL_Driver/Src/stm32f3xx_hal_flash_ex.c
Invoking: MCU GCC Compiler
E:\Vasyl\Programs\STM32F303\RTC\RTC_1\RTC_1_Cube\Debug
arm-none-eabi-gcc -mcpu=cortex-m4 -mthumb -mfloat-abi=hard -mfpu=fpv4-sp-d16 '-D__weak=__attribute__((weak))' '-D__packed=__attribute__((__packed__))' -DUSE_HAL_DRIVER -DSTM32F303xC -I"E:/Vasyl/Programs/STM32F303/RTC/RTC_1/RTC_1_Cube/Inc" -I"E:/Vasyl/Programs/STM32F303/RTC/RTC_1/RTC_1_Cube/Drivers/STM32F3xx_HAL_Driver/Inc" -I"E:/Vasyl/Programs/STM32F303/RTC/RTC_1/RTC_1_Cube/Drivers/STM32F3xx_HAL_Driver/Inc/Legacy" -I"E:/Vasyl/Programs/STM32F303/RTC/RTC_1/RTC_1_Cube/Drivers/CMSIS/Device/ST/STM32F3xx/Include" -I"E:/Vasyl/Programs/STM32F303/RTC/RTC_1/RTC_1_Cube/Drivers/CMSIS/Include"  -Og -g3 -Wall -fmessage-length=0 -ffunction-sections -c -fmessage-length=0 -MMD -MP -MF"Drivers/STM32F3xx_HAL_Driver/Src/stm32f3xx_hal_flash_ex.d" -MT"Drivers/STM32F3xx_HAL_Driver/Src/stm32f3xx_hal_flash_ex.o" -o "Drivers/STM32F3xx_HAL_Driver/Src/stm32f3xx_hal_flash_ex.o" "../Drivers/STM32F3xx_HAL_Driver/Src/stm32f3xx_hal_flash_ex.c"
Finished building: ../Drivers/STM32F3xx_HAL_Driver/Src/stm32f3xx_hal_flash_ex.c
 
Building file: ../Drivers/STM32F3xx_HAL_Driver/Src/stm32f3xx_hal_gpio.c
Invoking: MCU GCC Compiler
E:\Vasyl\Programs\STM32F303\RTC\RTC_1\RTC_1_Cube\Debug
arm-none-eabi-gcc -mcpu=cortex-m4 -mthumb -mfloat-abi=hard -mfpu=fpv4-sp-d16 '-D__weak=__attribute__((weak))' '-D__packed=__attribute__((__packed__))' -DUSE_HAL_DRIVER -DSTM32F303xC -I"E:/Vasyl/Programs/STM32F303/RTC/RTC_1/RTC_1_Cube/Inc" -I"E:/Vasyl/Programs/STM32F303/RTC/RTC_1/RTC_1_Cube/Drivers/STM32F3xx_HAL_Driver/Inc" -I"E:/Vasyl/Programs/STM32F303/RTC/RTC_1/RTC_1_Cube/Drivers/STM32F3xx_HAL_Driver/Inc/Legacy" -I"E:/Vasyl/Programs/STM32F303/RTC/RTC_1/RTC_1_Cube/Drivers/CMSIS/Device/ST/STM32F3xx/Include" -I"E:/Vasyl/Programs/STM32F303/RTC/RTC_1/RTC_1_Cube/Drivers/CMSIS/Include"  -Og -g3 -Wall -fmessage-length=0 -ffunction-sections -c -fmessage-length=0 -MMD -MP -MF"Drivers/STM32F3xx_HAL_Driver/Src/stm32f3xx_hal_gpio.d" -MT"Drivers/STM32F3xx_HAL_Driver/Src/stm32f3xx_hal_gpio.o" -o "Drivers/STM32F3xx_HAL_Driver/Src/stm32f3xx_hal_gpio.o" "../Drivers/STM32F3xx_HAL_Driver/Src/stm32f3xx_hal_gpio.c"
Finished building: ../Drivers/STM32F3xx_HAL_Driver/Src/stm32f3xx_hal_gpio.c
 
Building file: ../Drivers/STM32F3xx_HAL_Driver/Src/stm32f3xx_hal_i2c.c
Invoking: MCU GCC Compiler
E:\Vasyl\Programs\STM32F303\RTC\RTC_1\RTC_1_Cube\Debug
arm-none-eabi-gcc -mcpu=cortex-m4 -mthumb -mfloat-abi=hard -mfpu=fpv4-sp-d16 '-D__weak=__attribute__((weak))' '-D__packed=__attribute__((__packed__))' -DUSE_HAL_DRIVER -DSTM32F303xC -I"E:/Vasyl/Programs/STM32F303/RTC/RTC_1/RTC_1_Cube/Inc" -I"E:/Vasyl/Programs/STM32F303/RTC/RTC_1/RTC_1_Cube/Drivers/STM32F3xx_HAL_Driver/Inc" -I"E:/Vasyl/Programs/STM32F303/RTC/RTC_1/RTC_1_Cube/Drivers/STM32F3xx_HAL_Driver/Inc/Legacy" -I"E:/Vasyl/Programs/STM32F303/RTC/RTC_1/RTC_1_Cube/Drivers/CMSIS/Device/ST/STM32F3xx/Include" -I"E:/Vasyl/Programs/STM32F303/RTC/RTC_1/RTC_1_Cube/Drivers/CMSIS/Include"  -Og -g3 -Wall -fmessage-length=0 -ffunction-sections -c -fmessage-length=0 -MMD -MP -MF"Drivers/STM32F3xx_HAL_Driver/Src/stm32f3xx_hal_i2c.d" -MT"Drivers/STM32F3xx_HAL_Driver/Src/stm32f3xx_hal_i2c.o" -o "Drivers/STM32F3xx_HAL_Driver/Src/stm32f3xx_hal_i2c.o" "../Drivers/STM32F3xx_HAL_Driver/Src/stm32f3xx_hal_i2c.c"
Finished building: ../Drivers/STM32F3xx_HAL_Driver/Src/stm32f3xx_hal_i2c.c
 
Building file: ../Drivers/STM32F3xx_HAL_Driver/Src/stm32f3xx_hal_i2c_ex.c
Invoking: MCU GCC Compiler
E:\Vasyl\Programs\STM32F303\RTC\RTC_1\RTC_1_Cube\Debug
arm-none-eabi-gcc -mcpu=cortex-m4 -mthumb -mfloat-abi=hard -mfpu=fpv4-sp-d16 '-D__weak=__attribute__((weak))' '-D__packed=__attribute__((__packed__))' -DUSE_HAL_DRIVER -DSTM32F303xC -I"E:/Vasyl/Programs/STM32F303/RTC/RTC_1/RTC_1_Cube/Inc" -I"E:/Vasyl/Programs/STM32F303/RTC/RTC_1/RTC_1_Cube/Drivers/STM32F3xx_HAL_Driver/Inc" -I"E:/Vasyl/Programs/STM32F303/RTC/RTC_1/RTC_1_Cube/Drivers/STM32F3xx_HAL_Driver/Inc/Legacy" -I"E:/Vasyl/Programs/STM32F303/RTC/RTC_1/RTC_1_Cube/Drivers/CMSIS/Device/ST/STM32F3xx/Include" -I"E:/Vasyl/Programs/STM32F303/RTC/RTC_1/RTC_1_Cube/Drivers/CMSIS/Include"  -Og -g3 -Wall -fmessage-length=0 -ffunction-sections -c -fmessage-length=0 -MMD -MP -MF"Drivers/STM32F3xx_HAL_Driver/Src/stm32f3xx_hal_i2c_ex.d" -MT"Drivers/STM32F3xx_HAL_Driver/Src/stm32f3xx_hal_i2c_ex.o" -o "Drivers/STM32F3xx_HAL_Driver/Src/stm32f3xx_hal_i2c_ex.o" "../Drivers/STM32F3xx_HAL_Driver/Src/stm32f3xx_hal_i2c_ex.c"
Finished building: ../Drivers/STM32F3xx_HAL_Driver/Src/stm32f3xx_hal_i2c_ex.c
 
Building file: ../Drivers/STM32F3xx_HAL_Driver/Src/stm32f3xx_hal_pwr.c
Invoking: MCU GCC Compiler
E:\Vasyl\Programs\STM32F303\RTC\RTC_1\RTC_1_Cube\Debug
arm-none-eabi-gcc -mcpu=cortex-m4 -mthumb -mfloat-abi=hard -mfpu=fpv4-sp-d16 '-D__weak=__attribute__((weak))' '-D__packed=__attribute__((__packed__))' -DUSE_HAL_DRIVER -DSTM32F303xC -I"E:/Vasyl/Programs/STM32F303/RTC/RTC_1/RTC_1_Cube/Inc" -I"E:/Vasyl/Programs/STM32F303/RTC/RTC_1/RTC_1_Cube/Drivers/STM32F3xx_HAL_Driver/Inc" -I"E:/Vasyl/Programs/STM32F303/RTC/RTC_1/RTC_1_Cube/Drivers/STM32F3xx_HAL_Driver/Inc/Legacy" -I"E:/Vasyl/Programs/STM32F303/RTC/RTC_1/RTC_1_Cube/Drivers/CMSIS/Device/ST/STM32F3xx/Include" -I"E:/Vasyl/Programs/STM32F303/RTC/RTC_1/RTC_1_Cube/Drivers/CMSIS/Include"  -Og -g3 -Wall -fmessage-length=0 -ffunction-sections -c -fmessage-length=0 -MMD -MP -MF"Drivers/STM32F3xx_HAL_Driver/Src/stm32f3xx_hal_pwr.d" -MT"Drivers/STM32F3xx_HAL_Driver/Src/stm32f3xx_hal_pwr.o" -o "Drivers/STM32F3xx_HAL_Driver/Src/stm32f3xx_hal_pwr.o" "../Drivers/STM32F3xx_HAL_Driver/Src/stm32f3xx_hal_pwr.c"
Finished building: ../Drivers/STM32F3xx_HAL_Driver/Src/stm32f3xx_hal_pwr.c
 
Building file: ../Drivers/STM32F3xx_HAL_Driver/Src/stm32f3xx_hal_pwr_ex.c
Invoking: MCU GCC Compiler
E:\Vasyl\Programs\STM32F303\RTC\RTC_1\RTC_1_Cube\Debug
arm-none-eabi-gcc -mcpu=cortex-m4 -mthumb -mfloat-abi=hard -mfpu=fpv4-sp-d16 '-D__weak=__attribute__((weak))' '-D__packed=__attribute__((__packed__))' -DUSE_HAL_DRIVER -DSTM32F303xC -I"E:/Vasyl/Programs/STM32F303/RTC/RTC_1/RTC_1_Cube/Inc" -I"E:/Vasyl/Programs/STM32F303/RTC/RTC_1/RTC_1_Cube/Drivers/STM32F3xx_HAL_Driver/Inc" -I"E:/Vasyl/Programs/STM32F303/RTC/RTC_1/RTC_1_Cube/Drivers/STM32F3xx_HAL_Driver/Inc/Legacy" -I"E:/Vasyl/Programs/STM32F303/RTC/RTC_1/RTC_1_Cube/Drivers/CMSIS/Device/ST/STM32F3xx/Include" -I"E:/Vasyl/Programs/STM32F303/RTC/RTC_1/RTC_1_Cube/Drivers/CMSIS/Include"  -Og -g3 -Wall -fmessage-length=0 -ffunction-sections -c -fmessage-length=0 -MMD -MP -MF"Drivers/STM32F3xx_HAL_Driver/Src/stm32f3xx_hal_pwr_ex.d" -MT"Drivers/STM32F3xx_HAL_Driver/Src/stm32f3xx_hal_pwr_ex.o" -o "Drivers/STM32F3xx_HAL_Driver/Src/stm32f3xx_hal_pwr_ex.o" "../Drivers/STM32F3xx_HAL_Driver/Src/stm32f3xx_hal_pwr_ex.c"
Finished building: ../Drivers/STM32F3xx_HAL_Driver/Src/stm32f3xx_hal_pwr_ex.c
 
Building file: ../Drivers/STM32F3xx_HAL_Driver/Src/stm32f3xx_hal_rcc.c
Invoking: MCU GCC Compiler
E:\Vasyl\Programs\STM32F303\RTC\RTC_1\RTC_1_Cube\Debug
arm-none-eabi-gcc -mcpu=cortex-m4 -mthumb -mfloat-abi=hard -mfpu=fpv4-sp-d16 '-D__weak=__attribute__((weak))' '-D__packed=__attribute__((__packed__))' -DUSE_HAL_DRIVER -DSTM32F303xC -I"E:/Vasyl/Programs/STM32F303/RTC/RTC_1/RTC_1_Cube/Inc" -I"E:/Vasyl/Programs/STM32F303/RTC/RTC_1/RTC_1_Cube/Drivers/STM32F3xx_HAL_Driver/Inc" -I"E:/Vasyl/Programs/STM32F303/RTC/RTC_1/RTC_1_Cube/Drivers/STM32F3xx_HAL_Driver/Inc/Legacy" -I"E:/Vasyl/Programs/STM32F303/RTC/RTC_1/RTC_1_Cube/Drivers/CMSIS/Device/ST/STM32F3xx/Include" -I"E:/Vasyl/Programs/STM32F303/RTC/RTC_1/RTC_1_Cube/Drivers/CMSIS/Include"  -Og -g3 -Wall -fmessage-length=0 -ffunction-sections -c -fmessage-length=0 -MMD -MP -MF"Drivers/STM32F3xx_HAL_Driver/Src/stm32f3xx_hal_rcc.d" -MT"Drivers/STM32F3xx_HAL_Driver/Src/stm32f3xx_hal_rcc.o" -o "Drivers/STM32F3xx_HAL_Driver/Src/stm32f3xx_hal_rcc.o" "../Drivers/STM32F3xx_HAL_Driver/Src/stm32f3xx_hal_rcc.c"
Finished building: ../Drivers/STM32F3xx_HAL_Driver/Src/stm32f3xx_hal_rcc.c
 
Building file: ../Drivers/STM32F3xx_HAL_Driver/Src/stm32f3xx_hal_rcc_ex.c
Invoking: MCU GCC Compiler
E:\Vasyl\Programs\STM32F303\RTC\RTC_1\RTC_1_Cube\Debug
arm-none-eabi-gcc -mcpu=cortex-m4 -mthumb -mfloat-abi=hard -mfpu=fpv4-sp-d16 '-D__weak=__attribute__((weak))' '-D__packed=__attribute__((__packed__))' -DUSE_HAL_DRIVER -DSTM32F303xC -I"E:/Vasyl/Programs/STM32F303/RTC/RTC_1/RTC_1_Cube/Inc" -I"E:/Vasyl/Programs/STM32F303/RTC/RTC_1/RTC_1_Cube/Drivers/STM32F3xx_HAL_Driver/Inc" -I"E:/Vasyl/Programs/STM32F303/RTC/RTC_1/RTC_1_Cube/Drivers/STM32F3xx_HAL_Driver/Inc/Legacy" -I"E:/Vasyl/Programs/STM32F303/RTC/RTC_1/RTC_1_Cube/Drivers/CMSIS/Device/ST/STM32F3xx/Include" -I"E:/Vasyl/Programs/STM32F303/RTC/RTC_1/RTC_1_Cube/Drivers/CMSIS/Include"  -Og -g3 -Wall -fmessage-length=0 -ffunction-sections -c -fmessage-length=0 -MMD -MP -MF"Drivers/STM32F3xx_HAL_Driver/Src/stm32f3xx_hal_rcc_ex.d" -MT"Drivers/STM32F3xx_HAL_Driver/Src/stm32f3xx_hal_rcc_ex.o" -o "Drivers/STM32F3xx_HAL_Driver/Src/stm32f3xx_hal_rcc_ex.o" "../Drivers/STM32F3xx_HAL_Driver/Src/stm32f3xx_hal_rcc_ex.c"
Finished building: ../Drivers/STM32F3xx_HAL_Driver/Src/stm32f3xx_hal_rcc_ex.c
 
Building file: ../Drivers/STM32F3xx_HAL_Driver/Src/stm32f3xx_hal_tim.c
Invoking: MCU GCC Compiler
E:\Vasyl\Programs\STM32F303\RTC\RTC_1\RTC_1_Cube\Debug
arm-none-eabi-gcc -mcpu=cortex-m4 -mthumb -mfloat-abi=hard -mfpu=fpv4-sp-d16 '-D__weak=__attribute__((weak))' '-D__packed=__attribute__((__packed__))' -DUSE_HAL_DRIVER -DSTM32F303xC -I"E:/Vasyl/Programs/STM32F303/RTC/RTC_1/RTC_1_Cube/Inc" -I"E:/Vasyl/Programs/STM32F303/RTC/RTC_1/RTC_1_Cube/Drivers/STM32F3xx_HAL_Driver/Inc" -I"E:/Vasyl/Programs/STM32F303/RTC/RTC_1/RTC_1_Cube/Drivers/STM32F3xx_HAL_Driver/Inc/Legacy" -I"E:/Vasyl/Programs/STM32F303/RTC/RTC_1/RTC_1_Cube/Drivers/CMSIS/Device/ST/STM32F3xx/Include" -I"E:/Vasyl/Programs/STM32F303/RTC/RTC_1/RTC_1_Cube/Drivers/CMSIS/Include"  -Og -g3 -Wall -fmessage-length=0 -ffunction-sections -c -fmessage-length=0 -MMD -MP -MF"Drivers/STM32F3xx_HAL_Driver/Src/stm32f3xx_hal_tim.d" -MT"Drivers/STM32F3xx_HAL_Driver/Src/stm32f3xx_hal_tim.o" -o "Drivers/STM32F3xx_HAL_Driver/Src/stm32f3xx_hal_tim.o" "../Drivers/STM32F3xx_HAL_Driver/Src/stm32f3xx_hal_tim.c"
Finished building: ../Drivers/STM32F3xx_HAL_Driver/Src/stm32f3xx_hal_tim.c
 
Building file: ../Drivers/STM32F3xx_HAL_Driver/Src/stm32f3xx_hal_tim_ex.c
Invoking: MCU GCC Compiler
E:\Vasyl\Programs\STM32F303\RTC\RTC_1\RTC_1_Cube\Debug
arm-none-eabi-gcc -mcpu=cortex-m4 -mthumb -mfloat-abi=hard -mfpu=fpv4-sp-d16 '-D__weak=__attribute__((weak))' '-D__packed=__attribute__((__packed__))' -DUSE_HAL_DRIVER -DSTM32F303xC -I"E:/Vasyl/Programs/STM32F303/RTC/RTC_1/RTC_1_Cube/Inc" -I"E:/Vasyl/Programs/STM32F303/RTC/RTC_1/RTC_1_Cube/Drivers/STM32F3xx_HAL_Driver/Inc" -I"E:/Vasyl/Programs/STM32F303/RTC/RTC_1/RTC_1_Cube/Drivers/STM32F3xx_HAL_Driver/Inc/Legacy" -I"E:/Vasyl/Programs/STM32F303/RTC/RTC_1/RTC_1_Cube/Drivers/CMSIS/Device/ST/STM32F3xx/Include" -I"E:/Vasyl/Programs/STM32F303/RTC/RTC_1/RTC_1_Cube/Drivers/CMSIS/Include"  -Og -g3 -Wall -fmessage-length=0 -ffunction-sections -c -fmessage-length=0 -MMD -MP -MF"Drivers/STM32F3xx_HAL_Driver/Src/stm32f3xx_hal_tim_ex.d" -MT"Drivers/STM32F3xx_HAL_Driver/Src/stm32f3xx_hal_tim_ex.o" -o "Drivers/STM32F3xx_HAL_Driver/Src/stm32f3xx_hal_tim_ex.o" "../Drivers/STM32F3xx_HAL_Driver/Src/stm32f3xx_hal_tim_ex.c"
Finished building: ../Drivers/STM32F3xx_HAL_Driver/Src/stm32f3xx_hal_tim_ex.c
 
Building target: RTC_1_Cube.elf
Invoking: MCU GCC Linker
arm-none-eabi-gcc -mcpu=cortex-m4 -mthumb -mfloat-abi=hard -mfpu=fpv4-sp-d16 -specs=rdimon.specs -T"../STM32F303VCTx_FLASH.ld" -Wl,-Map=output.map -Wl,--gc-sections -o "RTC_1_Cube.elf" @"objects.list"   -lm
Finished building target: RTC_1_Cube.elf
 
make --no-print-directory post-build
Generating binary and Printing size information:
arm-none-eabi-objcopy -O binary "RTC_1_Cube.elf" "RTC_1_Cube.bin"
arm-none-eabi-size "RTC_1_Cube.elf"
   text	   data	    bss	    dec	    hex	filename
   7836	   1088	   1684	  10608	   2970	RTC_1_Cube.elf
 
14:45:56 **** Incremental Build of configuration Debug for project RTC_1_Cube ****
make all 
make: Nothing to be done for 'all'.
14:48:05 **** Incremental Build of configuration Debug for project RTC_1_Cube ****
make all 
Building file: ../Src/main.c
Invoking: MCU GCC Compiler
E:\Vasyl\Programs\STM32F303\RTC\RTC_1\RTC_1_Cube\Debug
arm-none-eabi-gcc -mcpu=cortex-m4 -mthumb -mfloat-abi=hard -mfpu=fpv4-sp-d16 '-D__weak=__attribute__((weak))' '-D__packed=__attribute__((__packed__))' -DUSE_HAL_DRIVER -DSTM32F303xC -I"E:/Vasyl/Programs/STM32F303/RTC/RTC_1/RTC_1_Cube/Inc" -I"E:/Vasyl/Programs/STM32F303/RTC/RTC_1/RTC_1_Cube/Drivers/STM32F3xx_HAL_Driver/Inc" -I"E:/Vasyl/Programs/STM32F303/RTC/RTC_1/RTC_1_Cube/Drivers/STM32F3xx_HAL_Driver/Inc/Legacy" -I"E:/Vasyl/Programs/STM32F303/RTC/RTC_1/RTC_1_Cube/Drivers/CMSIS/Device/ST/STM32F3xx/Include" -I"E:/Vasyl/Programs/STM32F303/RTC/RTC_1/RTC_1_Cube/Drivers/CMSIS/Include"  -Og -g3 -Wall -fmessage-length=0 -ffunction-sections -c -fmessage-length=0 -MMD -MP -MF"Src/main.d" -MT"Src/main.o" -o "Src/main.o" "../Src/main.c"
Finished building: ../Src/main.c
 
Building target: RTC_1_Cube.elf
Invoking: MCU GCC Linker
arm-none-eabi-gcc -mcpu=cortex-m4 -mthumb -mfloat-abi=hard -mfpu=fpv4-sp-d16 -specs=rdimon.specs -T"../STM32F303VCTx_FLASH.ld" -Wl,-Map=output.map -Wl,--gc-sections -o "RTC_1_Cube.elf" @"objects.list"   -lm
Finished building target: RTC_1_Cube.elf
 
make --no-print-directory post-build
Generating binary and Printing size information:
arm-none-eabi-objcopy -O binary "RTC_1_Cube.elf" "RTC_1_Cube.bin"
arm-none-eabi-size "RTC_1_Cube.elf"
   text	   data	    bss	    dec	    hex	filename
  15420	   2132	   1912	  19464	   4c08	RTC_1_Cube.elf
 
14:48:09 **** Incremental Build of configuration Debug for project RTC_1_Cube ****
make all 
make: Nothing to be done for 'all'.
14:48:31 **** Incremental Build of configuration Debug for project RTC_1_Cube ****
make all 
make: Nothing to be done for 'all'.
14:50:21 **** Incremental Build of configuration Debug for project RTC_1_Cube ****
make all 
Building file: ../Src/main.c
Invoking: MCU GCC Compiler
E:\Vasyl\Programs\STM32F303\RTC\RTC_1\RTC_1_Cube\Debug
arm-none-eabi-gcc -mcpu=cortex-m4 -mthumb -mfloat-abi=hard -mfpu=fpv4-sp-d16 '-D__weak=__attribute__((weak))' '-D__packed=__attribute__((__packed__))' -DUSE_HAL_DRIVER -DSTM32F303xC -I"E:/Vasyl/Programs/STM32F303/RTC/RTC_1/RTC_1_Cube/Inc" -I"E:/Vasyl/Programs/STM32F303/RTC/RTC_1/RTC_1_Cube/Drivers/STM32F3xx_HAL_Driver/Inc" -I"E:/Vasyl/Programs/STM32F303/RTC/RTC_1/RTC_1_Cube/Drivers/STM32F3xx_HAL_Driver/Inc/Legacy" -I"E:/Vasyl/Programs/STM32F303/RTC/RTC_1/RTC_1_Cube/Drivers/CMSIS/Device/ST/STM32F3xx/Include" -I"E:/Vasyl/Programs/STM32F303/RTC/RTC_1/RTC_1_Cube/Drivers/CMSIS/Include"  -Og -g3 -Wall -fmessage-length=0 -ffunction-sections -c -fmessage-length=0 -MMD -MP -MF"Src/main.d" -MT"Src/main.o" -o "Src/main.o" "../Src/main.c"
Finished building: ../Src/main.c
 
Building target: RTC_1_Cube.elf
Invoking: MCU GCC Linker
arm-none-eabi-gcc -mcpu=cortex-m4 -mthumb -mfloat-abi=hard -mfpu=fpv4-sp-d16 -specs=rdimon.specs -T"../STM32F303VCTx_FLASH.ld" -Wl,-Map=output.map -Wl,--gc-sections -o "RTC_1_Cube.elf" @"objects.list"   -lm
Finished building target: RTC_1_Cube.elf
 
make --no-print-directory post-build
Generating binary and Printing size information:
arm-none-eabi-objcopy -O binary "RTC_1_Cube.elf" "RTC_1_Cube.bin"
arm-none-eabi-size "RTC_1_Cube.elf"
   text	   data	    bss	    dec	    hex	filename
  32404	   2496	   1948	  36848	   8ff0	RTC_1_Cube.elf
 
14:50:26 **** Incremental Build of configuration Debug for project RTC_1_Cube ****
make all 
make: Nothing to be done for 'all'.
14:52:51 **** Incremental Build of configuration Debug for project RTC_1_Cube ****
make all 
Building file: ../Src/main.c
Invoking: MCU GCC Compiler
E:\Vasyl\Programs\STM32F303\RTC\RTC_1\RTC_1_Cube\Debug
arm-none-eabi-gcc -mcpu=cortex-m4 -mthumb -mfloat-abi=hard -mfpu=fpv4-sp-d16 '-D__weak=__attribute__((weak))' '-D__packed=__attribute__((__packed__))' -DUSE_HAL_DRIVER -DSTM32F303xC -I"E:/Vasyl/Programs/STM32F303/RTC/RTC_1/RTC_1_Cube/Inc" -I"E:/Vasyl/Programs/STM32F303/RTC/RTC_1/RTC_1_Cube/Drivers/STM32F3xx_HAL_Driver/Inc" -I"E:/Vasyl/Programs/STM32F303/RTC/RTC_1/RTC_1_Cube/Drivers/STM32F3xx_HAL_Driver/Inc/Legacy" -I"E:/Vasyl/Programs/STM32F303/RTC/RTC_1/RTC_1_Cube/Drivers/CMSIS/Device/ST/STM32F3xx/Include" -I"E:/Vasyl/Programs/STM32F303/RTC/RTC_1/RTC_1_Cube/Drivers/CMSIS/Include"  -Og -g3 -Wall -fmessage-length=0 -ffunction-sections -c -fmessage-length=0 -MMD -MP -MF"Src/main.d" -MT"Src/main.o" -o "Src/main.o" "../Src/main.c"
Finished building: ../Src/main.c
 
Building target: RTC_1_Cube.elf
Invoking: MCU GCC Linker
arm-none-eabi-gcc -mcpu=cortex-m4 -mthumb -mfloat-abi=hard -mfpu=fpv4-sp-d16 -specs=rdimon.specs -T"../STM32F303VCTx_FLASH.ld" -Wl,-Map=output.map -Wl,--gc-sections -o "RTC_1_Cube.elf" @"objects.list"   -lm
Finished building target: RTC_1_Cube.elf
 
make --no-print-directory post-build
Generating binary and Printing size information:
arm-none-eabi-objcopy -O binary "RTC_1_Cube.elf" "RTC_1_Cube.bin"
arm-none-eabi-size "RTC_1_Cube.elf"
   text	   data	    bss	    dec	    hex	filename
  32404	   2496	   1948	  36848	   8ff0	RTC_1_Cube.elf
 
14:53:34 **** Incremental Build of configuration Debug for project RTC_1_Cube ****
make all 
Building file: ../Src/main.c
Invoking: MCU GCC Compiler
E:\Vasyl\Programs\STM32F303\RTC\RTC_1\RTC_1_Cube\Debug
arm-none-eabi-gcc -mcpu=cortex-m4 -mthumb -mfloat-abi=hard -mfpu=fpv4-sp-d16 '-D__weak=__attribute__((weak))' '-D__packed=__attribute__((__packed__))' -DUSE_HAL_DRIVER -DSTM32F303xC -I"E:/Vasyl/Programs/STM32F303/RTC/RTC_1/RTC_1_Cube/Inc" -I"E:/Vasyl/Programs/STM32F303/RTC/RTC_1/RTC_1_Cube/Drivers/STM32F3xx_HAL_Driver/Inc" -I"E:/Vasyl/Programs/STM32F303/RTC/RTC_1/RTC_1_Cube/Drivers/STM32F3xx_HAL_Driver/Inc/Legacy" -I"E:/Vasyl/Programs/STM32F303/RTC/RTC_1/RTC_1_Cube/Drivers/CMSIS/Device/ST/STM32F3xx/Include" -I"E:/Vasyl/Programs/STM32F303/RTC/RTC_1/RTC_1_Cube/Drivers/CMSIS/Include"  -Og -g3 -Wall -fmessage-length=0 -ffunction-sections -c -fmessage-length=0 -MMD -MP -MF"Src/main.d" -MT"Src/main.o" -o "Src/main.o" "../Src/main.c"
Finished building: ../Src/main.c
 
Building target: RTC_1_Cube.elf
Invoking: MCU GCC Linker
arm-none-eabi-gcc -mcpu=cortex-m4 -mthumb -mfloat-abi=hard -mfpu=fpv4-sp-d16 -specs=rdimon.specs -T"../STM32F303VCTx_FLASH.ld" -Wl,-Map=output.map -Wl,--gc-sections -o "RTC_1_Cube.elf" @"objects.list"   -lm
Finished building target: RTC_1_Cube.elf
 
make --no-print-directory post-build
Generating binary and Printing size information:
arm-none-eabi-objcopy -O binary "RTC_1_Cube.elf" "RTC_1_Cube.bin"
arm-none-eabi-size "RTC_1_Cube.elf"
   text	   data	    bss	    dec	    hex	filename
  32404	   2496	   1948	  36848	   8ff0	RTC_1_Cube.elf
 
14:53:38 **** Incremental Build of configuration Debug for project RTC_1_Cube ****
make all 
make: Nothing to be done for 'all'.
15:05:07 **** Incremental Build of configuration Debug for project RTC_1_Cube ****
make all 
Building file: ../Src/main.c
Invoking: MCU GCC Compiler
E:\Vasyl\Programs\STM32F303\RTC\RTC_1\RTC_1_Cube\Debug
arm-none-eabi-gcc -mcpu=cortex-m4 -mthumb -mfloat-abi=hard -mfpu=fpv4-sp-d16 '-D__weak=__attribute__((weak))' '-D__packed=__attribute__((__packed__))' -DUSE_HAL_DRIVER -DSTM32F303xC -I"E:/Vasyl/Programs/STM32F303/RTC/RTC_1/RTC_1_Cube/Inc" -I"E:/Vasyl/Programs/STM32F303/RTC/RTC_1/RTC_1_Cube/Drivers/STM32F3xx_HAL_Driver/Inc" -I"E:/Vasyl/Programs/STM32F303/RTC/RTC_1/RTC_1_Cube/Drivers/STM32F3xx_HAL_Driver/Inc/Legacy" -I"E:/Vasyl/Programs/STM32F303/RTC/RTC_1/RTC_1_Cube/Drivers/CMSIS/Device/ST/STM32F3xx/Include" -I"E:/Vasyl/Programs/STM32F303/RTC/RTC_1/RTC_1_Cube/Drivers/CMSIS/Include"  -Og -g3 -Wall -fmessage-length=0 -ffunction-sections -c -fmessage-length=0 -MMD -MP -MF"Src/main.d" -MT"Src/main.o" -o "Src/main.o" "../Src/main.c"
Finished building: ../Src/main.c
 
Building target: RTC_1_Cube.elf
Invoking: MCU GCC Linker
arm-none-eabi-gcc -mcpu=cortex-m4 -mthumb -mfloat-abi=hard -mfpu=fpv4-sp-d16 -specs=rdimon.specs -T"../STM32F303VCTx_FLASH.ld" -Wl,-Map=output.map -Wl,--gc-sections -o "RTC_1_Cube.elf" @"objects.list"   -lm
Finished building target: RTC_1_Cube.elf
 
make --no-print-directory post-build
Generating binary and Printing size information:
arm-none-eabi-objcopy -O binary "RTC_1_Cube.elf" "RTC_1_Cube.bin"
arm-none-eabi-size "RTC_1_Cube.elf"
   text	   data	    bss	    dec	    hex	filename
  32580	   2496	   1948	  37024	   90a0	RTC_1_Cube.elf
 
15:06:29 **** Incremental Build of configuration Debug for project RTC_1_Cube ****
make all 
make: Nothing to be done for 'all'.
15:08:05 **** Incremental Build of configuration Debug for project RTC_1_Cube ****
make all 
Building file: ../Src/main.c
Invoking: MCU GCC Compiler
E:\Vasyl\Programs\STM32F303\RTC\RTC_1\RTC_1_Cube\Debug
arm-none-eabi-gcc -mcpu=cortex-m4 -mthumb -mfloat-abi=hard -mfpu=fpv4-sp-d16 '-D__weak=__attribute__((weak))' '-D__packed=__attribute__((__packed__))' -DUSE_HAL_DRIVER -DSTM32F303xC -I"E:/Vasyl/Programs/STM32F303/RTC/RTC_1/RTC_1_Cube/Inc" -I"E:/Vasyl/Programs/STM32F303/RTC/RTC_1/RTC_1_Cube/Drivers/STM32F3xx_HAL_Driver/Inc" -I"E:/Vasyl/Programs/STM32F303/RTC/RTC_1/RTC_1_Cube/Drivers/STM32F3xx_HAL_Driver/Inc/Legacy" -I"E:/Vasyl/Programs/STM32F303/RTC/RTC_1/RTC_1_Cube/Drivers/CMSIS/Device/ST/STM32F3xx/Include" -I"E:/Vasyl/Programs/STM32F303/RTC/RTC_1/RTC_1_Cube/Drivers/CMSIS/Include"  -Og -g3 -Wall -fmessage-length=0 -ffunction-sections -c -fmessage-length=0 -MMD -MP -MF"Src/main.d" -MT"Src/main.o" -o "Src/main.o" "../Src/main.c"
Finished building: ../Src/main.c
 
Building target: RTC_1_Cube.elf
Invoking: MCU GCC Linker
arm-none-eabi-gcc -mcpu=cortex-m4 -mthumb -mfloat-abi=hard -mfpu=fpv4-sp-d16 -specs=rdimon.specs -T"../STM32F303VCTx_FLASH.ld" -Wl,-Map=output.map -Wl,--gc-sections -o "RTC_1_Cube.elf" @"objects.list"   -lm
Finished building target: RTC_1_Cube.elf
 
make --no-print-directory post-build
Generating binary and Printing size information:
arm-none-eabi-objcopy -O binary "RTC_1_Cube.elf" "RTC_1_Cube.bin"
arm-none-eabi-size "RTC_1_Cube.elf"
   text	   data	    bss	    dec	    hex	filename
  32364	   2496	   1948	  36808	   8fc8	RTC_1_Cube.elf
 
15:08:43 **** Incremental Build of configuration Debug for project RTC_1_Cube ****
make all 
Building file: ../Src/main.c
Invoking: MCU GCC Compiler
E:\Vasyl\Programs\STM32F303\RTC\RTC_1\RTC_1_Cube\Debug
arm-none-eabi-gcc -mcpu=cortex-m4 -mthumb -mfloat-abi=hard -mfpu=fpv4-sp-d16 '-D__weak=__attribute__((weak))' '-D__packed=__attribute__((__packed__))' -DUSE_HAL_DRIVER -DSTM32F303xC -I"E:/Vasyl/Programs/STM32F303/RTC/RTC_1/RTC_1_Cube/Inc" -I"E:/Vasyl/Programs/STM32F303/RTC/RTC_1/RTC_1_Cube/Drivers/STM32F3xx_HAL_Driver/Inc" -I"E:/Vasyl/Programs/STM32F303/RTC/RTC_1/RTC_1_Cube/Drivers/STM32F3xx_HAL_Driver/Inc/Legacy" -I"E:/Vasyl/Programs/STM32F303/RTC/RTC_1/RTC_1_Cube/Drivers/CMSIS/Device/ST/STM32F3xx/Include" -I"E:/Vasyl/Programs/STM32F303/RTC/RTC_1/RTC_1_Cube/Drivers/CMSIS/Include"  -Og -g3 -Wall -fmessage-length=0 -ffunction-sections -c -fmessage-length=0 -MMD -MP -MF"Src/main.d" -MT"Src/main.o" -o "Src/main.o" "../Src/main.c"
Finished building: ../Src/main.c
 
Building target: RTC_1_Cube.elf
Invoking: MCU GCC Linker
arm-none-eabi-gcc -mcpu=cortex-m4 -mthumb -mfloat-abi=hard -mfpu=fpv4-sp-d16 -specs=rdimon.specs -T"../STM32F303VCTx_FLASH.ld" -Wl,-Map=output.map -Wl,--gc-sections -o "RTC_1_Cube.elf" @"objects.list"   -lm
Finished building target: RTC_1_Cube.elf
 
make --no-print-directory post-build
Generating binary and Printing size information:
arm-none-eabi-objcopy -O binary "RTC_1_Cube.elf" "RTC_1_Cube.bin"
arm-none-eabi-size "RTC_1_Cube.elf"
   text	   data	    bss	    dec	    hex	filename
  32364	   2496	   1948	  36808	   8fc8	RTC_1_Cube.elf
 
15:10:48 **** Incremental Build of configuration Debug for project RTC_1_Cube ****
make all 
Building file: ../Src/main.c
Invoking: MCU GCC Compiler
E:\Vasyl\Programs\STM32F303\RTC\RTC_1\RTC_1_Cube\Debug
arm-none-eabi-gcc -mcpu=cortex-m4 -mthumb -mfloat-abi=hard -mfpu=fpv4-sp-d16 '-D__weak=__attribute__((weak))' '-D__packed=__attribute__((__packed__))' -DUSE_HAL_DRIVER -DSTM32F303xC -I"E:/Vasyl/Programs/STM32F303/RTC/RTC_1/RTC_1_Cube/Inc" -I"E:/Vasyl/Programs/STM32F303/RTC/RTC_1/RTC_1_Cube/Drivers/STM32F3xx_HAL_Driver/Inc" -I"E:/Vasyl/Programs/STM32F303/RTC/RTC_1/RTC_1_Cube/Drivers/STM32F3xx_HAL_Driver/Inc/Legacy" -I"E:/Vasyl/Programs/STM32F303/RTC/RTC_1/RTC_1_Cube/Drivers/CMSIS/Device/ST/STM32F3xx/Include" -I"E:/Vasyl/Programs/STM32F303/RTC/RTC_1/RTC_1_Cube/Drivers/CMSIS/Include"  -Og -g3 -Wall -fmessage-length=0 -ffunction-sections -c -fmessage-length=0 -MMD -MP -MF"Src/main.d" -MT"Src/main.o" -o "Src/main.o" "../Src/main.c"
../Src/main.c: In function 'main':
../Src/main.c:118:24: warning: format '%i' expects a matching 'int' argument [-Wformat=]
    printf("seconds: %i%i\n", (received_data[3]&(0xF<<4))>>4), (received_data[0]&0xF));
                        ^
../Src/main.c:118:61: warning: right-hand operand of comma expression has no effect [-Wunused-value]
    printf("seconds: %i%i\n", (received_data[3]&(0xF<<4))>>4), (received_data[0]&0xF));
                                                             ^
../Src/main.c:118:85: error: expected ';' before ')' token
    printf("seconds: %i%i\n", (received_data[3]&(0xF<<4))>>4), (received_data[0]&0xF));
                                                                                     ^
../Src/main.c:118:85: error: expected statement before ')' token
make: *** [Src/main.o] Error 1
Src/subdir.mk:33: recipe for target 'Src/main.o' failed
15:11:58 **** Incremental Build of configuration Debug for project RTC_1_Cube ****
make all 
Building file: ../Src/main.c
Invoking: MCU GCC Compiler
E:\Vasyl\Programs\STM32F303\RTC\RTC_1\RTC_1_Cube\Debug
arm-none-eabi-gcc -mcpu=cortex-m4 -mthumb -mfloat-abi=hard -mfpu=fpv4-sp-d16 '-D__weak=__attribute__((weak))' '-D__packed=__attribute__((__packed__))' -DUSE_HAL_DRIVER -DSTM32F303xC -I"E:/Vasyl/Programs/STM32F303/RTC/RTC_1/RTC_1_Cube/Inc" -I"E:/Vasyl/Programs/STM32F303/RTC/RTC_1/RTC_1_Cube/Drivers/STM32F3xx_HAL_Driver/Inc" -I"E:/Vasyl/Programs/STM32F303/RTC/RTC_1/RTC_1_Cube/Drivers/STM32F3xx_HAL_Driver/Inc/Legacy" -I"E:/Vasyl/Programs/STM32F303/RTC/RTC_1/RTC_1_Cube/Drivers/CMSIS/Device/ST/STM32F3xx/Include" -I"E:/Vasyl/Programs/STM32F303/RTC/RTC_1/RTC_1_Cube/Drivers/CMSIS/Include"  -Og -g3 -Wall -fmessage-length=0 -ffunction-sections -c -fmessage-length=0 -MMD -MP -MF"Src/main.d" -MT"Src/main.o" -o "Src/main.o" "../Src/main.c"
Finished building: ../Src/main.c
 
Building target: RTC_1_Cube.elf
Invoking: MCU GCC Linker
arm-none-eabi-gcc -mcpu=cortex-m4 -mthumb -mfloat-abi=hard -mfpu=fpv4-sp-d16 -specs=rdimon.specs -T"../STM32F303VCTx_FLASH.ld" -Wl,-Map=output.map -Wl,--gc-sections -o "RTC_1_Cube.elf" @"objects.list"   -lm
Finished building target: RTC_1_Cube.elf
 
make --no-print-directory post-build
Generating binary and Printing size information:
arm-none-eabi-objcopy -O binary "RTC_1_Cube.elf" "RTC_1_Cube.bin"
arm-none-eabi-size "RTC_1_Cube.elf"
   text	   data	    bss	    dec	    hex	filename
  32348	   2496	   1948	  36792	   8fb8	RTC_1_Cube.elf
 
15:14:56 **** Incremental Build of configuration Debug for project RTC_1_Cube ****
make all 
Building file: ../Src/main.c
Invoking: MCU GCC Compiler
E:\Vasyl\Programs\STM32F303\RTC\RTC_1\RTC_1_Cube\Debug
arm-none-eabi-gcc -mcpu=cortex-m4 -mthumb -mfloat-abi=hard -mfpu=fpv4-sp-d16 '-D__weak=__attribute__((weak))' '-D__packed=__attribute__((__packed__))' -DUSE_HAL_DRIVER -DSTM32F303xC -I"E:/Vasyl/Programs/STM32F303/RTC/RTC_1/RTC_1_Cube/Inc" -I"E:/Vasyl/Programs/STM32F303/RTC/RTC_1/RTC_1_Cube/Drivers/STM32F3xx_HAL_Driver/Inc" -I"E:/Vasyl/Programs/STM32F303/RTC/RTC_1/RTC_1_Cube/Drivers/STM32F3xx_HAL_Driver/Inc/Legacy" -I"E:/Vasyl/Programs/STM32F303/RTC/RTC_1/RTC_1_Cube/Drivers/CMSIS/Device/ST/STM32F3xx/Include" -I"E:/Vasyl/Programs/STM32F303/RTC/RTC_1/RTC_1_Cube/Drivers/CMSIS/Include"  -Og -g3 -Wall -fmessage-length=0 -ffunction-sections -c -fmessage-length=0 -MMD -MP -MF"Src/main.d" -MT"Src/main.o" -o "Src/main.o" "../Src/main.c"
Finished building: ../Src/main.c
 
Building target: RTC_1_Cube.elf
Invoking: MCU GCC Linker
arm-none-eabi-gcc -mcpu=cortex-m4 -mthumb -mfloat-abi=hard -mfpu=fpv4-sp-d16 -specs=rdimon.specs -T"../STM32F303VCTx_FLASH.ld" -Wl,-Map=output.map -Wl,--gc-sections -o "RTC_1_Cube.elf" @"objects.list"   -lm
Finished building target: RTC_1_Cube.elf
 
make --no-print-directory post-build
Generating binary and Printing size information:
arm-none-eabi-objcopy -O binary "RTC_1_Cube.elf" "RTC_1_Cube.bin"
arm-none-eabi-size "RTC_1_Cube.elf"
   text	   data	    bss	    dec	    hex	filename
  32364	   2496	   1948	  36808	   8fc8	RTC_1_Cube.elf
 
15:15:55 **** Incremental Build of configuration Debug for project RTC_1_Cube ****
make all 
Building file: ../Src/main.c
Invoking: MCU GCC Compiler
E:\Vasyl\Programs\STM32F303\RTC\RTC_1\RTC_1_Cube\Debug
arm-none-eabi-gcc -mcpu=cortex-m4 -mthumb -mfloat-abi=hard -mfpu=fpv4-sp-d16 '-D__weak=__attribute__((weak))' '-D__packed=__attribute__((__packed__))' -DUSE_HAL_DRIVER -DSTM32F303xC -I"E:/Vasyl/Programs/STM32F303/RTC/RTC_1/RTC_1_Cube/Inc" -I"E:/Vasyl/Programs/STM32F303/RTC/RTC_1/RTC_1_Cube/Drivers/STM32F3xx_HAL_Driver/Inc" -I"E:/Vasyl/Programs/STM32F303/RTC/RTC_1/RTC_1_Cube/Drivers/STM32F3xx_HAL_Driver/Inc/Legacy" -I"E:/Vasyl/Programs/STM32F303/RTC/RTC_1/RTC_1_Cube/Drivers/CMSIS/Device/ST/STM32F3xx/Include" -I"E:/Vasyl/Programs/STM32F303/RTC/RTC_1/RTC_1_Cube/Drivers/CMSIS/Include"  -Og -g3 -Wall -fmessage-length=0 -ffunction-sections -c -fmessage-length=0 -MMD -MP -MF"Src/main.d" -MT"Src/main.o" -o "Src/main.o" "../Src/main.c"
Finished building: ../Src/main.c
 
Building target: RTC_1_Cube.elf
Invoking: MCU GCC Linker
arm-none-eabi-gcc -mcpu=cortex-m4 -mthumb -mfloat-abi=hard -mfpu=fpv4-sp-d16 -specs=rdimon.specs -T"../STM32F303VCTx_FLASH.ld" -Wl,-Map=output.map -Wl,--gc-sections -o "RTC_1_Cube.elf" @"objects.list"   -lm
Finished building target: RTC_1_Cube.elf
 
make --no-print-directory post-build
Generating binary and Printing size information:
arm-none-eabi-objcopy -O binary "RTC_1_Cube.elf" "RTC_1_Cube.bin"
arm-none-eabi-size "RTC_1_Cube.elf"
   text	   data	    bss	    dec	    hex	filename
  32364	   2496	   1948	  36808	   8fc8	RTC_1_Cube.elf
 
15:21:48 **** Incremental Build of configuration Debug for project RTC_1_Cube ****
make all 
Building file: ../Src/main.c
Invoking: MCU GCC Compiler
E:\Vasyl\Programs\STM32F303\RTC\RTC_1\RTC_1_Cube\Debug
arm-none-eabi-gcc -mcpu=cortex-m4 -mthumb -mfloat-abi=hard -mfpu=fpv4-sp-d16 '-D__weak=__attribute__((weak))' '-D__packed=__attribute__((__packed__))' -DUSE_HAL_DRIVER -DSTM32F303xC -I"E:/Vasyl/Programs/STM32F303/RTC/RTC_1/RTC_1_Cube/Inc" -I"E:/Vasyl/Programs/STM32F303/RTC/RTC_1/RTC_1_Cube/Drivers/STM32F3xx_HAL_Driver/Inc" -I"E:/Vasyl/Programs/STM32F303/RTC/RTC_1/RTC_1_Cube/Drivers/STM32F3xx_HAL_Driver/Inc/Legacy" -I"E:/Vasyl/Programs/STM32F303/RTC/RTC_1/RTC_1_Cube/Drivers/CMSIS/Device/ST/STM32F3xx/Include" -I"E:/Vasyl/Programs/STM32F303/RTC/RTC_1/RTC_1_Cube/Drivers/CMSIS/Include"  -Og -g3 -Wall -fmessage-length=0 -ffunction-sections -c -fmessage-length=0 -MMD -MP -MF"Src/main.d" -MT"Src/main.o" -o "Src/main.o" "../Src/main.c"
Finished building: ../Src/main.c
 
Building target: RTC_1_Cube.elf
Invoking: MCU GCC Linker
arm-none-eabi-gcc -mcpu=cortex-m4 -mthumb -mfloat-abi=hard -mfpu=fpv4-sp-d16 -specs=rdimon.specs -T"../STM32F303VCTx_FLASH.ld" -Wl,-Map=output.map -Wl,--gc-sections -o "RTC_1_Cube.elf" @"objects.list"   -lm
Finished building target: RTC_1_Cube.elf
 
make --no-print-directory post-build
Generating binary and Printing size information:
arm-none-eabi-objcopy -O binary "RTC_1_Cube.elf" "RTC_1_Cube.bin"
arm-none-eabi-size "RTC_1_Cube.elf"
   text	   data	    bss	    dec	    hex	filename
  32364	   2496	   1948	  36808	   8fc8	RTC_1_Cube.elf
 
15:27:30 **** Incremental Build of configuration Debug for project RTC_1_Cube ****
make all 
Building file: ../Src/main.c
Invoking: MCU GCC Compiler
E:\Vasyl\Programs\STM32F303\RTC\RTC_1\RTC_1_Cube\Debug
arm-none-eabi-gcc -mcpu=cortex-m4 -mthumb -mfloat-abi=hard -mfpu=fpv4-sp-d16 '-D__weak=__attribute__((weak))' '-D__packed=__attribute__((__packed__))' -DUSE_HAL_DRIVER -DSTM32F303xC -I"E:/Vasyl/Programs/STM32F303/RTC/RTC_1/RTC_1_Cube/Inc" -I"E:/Vasyl/Programs/STM32F303/RTC/RTC_1/RTC_1_Cube/Drivers/STM32F3xx_HAL_Driver/Inc" -I"E:/Vasyl/Programs/STM32F303/RTC/RTC_1/RTC_1_Cube/Drivers/STM32F3xx_HAL_Driver/Inc/Legacy" -I"E:/Vasyl/Programs/STM32F303/RTC/RTC_1/RTC_1_Cube/Drivers/CMSIS/Device/ST/STM32F3xx/Include" -I"E:/Vasyl/Programs/STM32F303/RTC/RTC_1/RTC_1_Cube/Drivers/CMSIS/Include"  -Og -g3 -Wall -fmessage-length=0 -ffunction-sections -c -fmessage-length=0 -MMD -MP -MF"Src/main.d" -MT"Src/main.o" -o "Src/main.o" "../Src/main.c"
Finished building: ../Src/main.c
 
Building target: RTC_1_Cube.elf
Invoking: MCU GCC Linker
arm-none-eabi-gcc -mcpu=cortex-m4 -mthumb -mfloat-abi=hard -mfpu=fpv4-sp-d16 -specs=rdimon.specs -T"../STM32F303VCTx_FLASH.ld" -Wl,-Map=output.map -Wl,--gc-sections -o "RTC_1_Cube.elf" @"objects.list"   -lm
Finished building target: RTC_1_Cube.elf
 
make --no-print-directory post-build
Generating binary and Printing size information:
arm-none-eabi-objcopy -O binary "RTC_1_Cube.elf" "RTC_1_Cube.bin"
arm-none-eabi-size "RTC_1_Cube.elf"
   text	   data	    bss	    dec	    hex	filename
  32580	   2496	   1956	  37032	   90a8	RTC_1_Cube.elf
 
15:28:17 **** Incremental Build of configuration Debug for project RTC_1_Cube ****
make all 
Building file: ../Src/main.c
Invoking: MCU GCC Compiler
E:\Vasyl\Programs\STM32F303\RTC\RTC_1\RTC_1_Cube\Debug
arm-none-eabi-gcc -mcpu=cortex-m4 -mthumb -mfloat-abi=hard -mfpu=fpv4-sp-d16 '-D__weak=__attribute__((weak))' '-D__packed=__attribute__((__packed__))' -DUSE_HAL_DRIVER -DSTM32F303xC -I"E:/Vasyl/Programs/STM32F303/RTC/RTC_1/RTC_1_Cube/Inc" -I"E:/Vasyl/Programs/STM32F303/RTC/RTC_1/RTC_1_Cube/Drivers/STM32F3xx_HAL_Driver/Inc" -I"E:/Vasyl/Programs/STM32F303/RTC/RTC_1/RTC_1_Cube/Drivers/STM32F3xx_HAL_Driver/Inc/Legacy" -I"E:/Vasyl/Programs/STM32F303/RTC/RTC_1/RTC_1_Cube/Drivers/CMSIS/Device/ST/STM32F3xx/Include" -I"E:/Vasyl/Programs/STM32F303/RTC/RTC_1/RTC_1_Cube/Drivers/CMSIS/Include"  -Og -g3 -Wall -fmessage-length=0 -ffunction-sections -c -fmessage-length=0 -MMD -MP -MF"Src/main.d" -MT"Src/main.o" -o "Src/main.o" "../Src/main.c"
Finished building: ../Src/main.c
 
Building target: RTC_1_Cube.elf
Invoking: MCU GCC Linker
arm-none-eabi-gcc -mcpu=cortex-m4 -mthumb -mfloat-abi=hard -mfpu=fpv4-sp-d16 -specs=rdimon.specs -T"../STM32F303VCTx_FLASH.ld" -Wl,-Map=output.map -Wl,--gc-sections -o "RTC_1_Cube.elf" @"objects.list"   -lm
Finished building target: RTC_1_Cube.elf
 
make --no-print-directory post-build
Generating binary and Printing size information:
arm-none-eabi-objcopy -O binary "RTC_1_Cube.elf" "RTC_1_Cube.bin"
arm-none-eabi-size "RTC_1_Cube.elf"
   text	   data	    bss	    dec	    hex	filename
  32620	   2496	   1956	  37072	   90d0	RTC_1_Cube.elf
 
15:29:47 **** Incremental Build of configuration Debug for project RTC_1_Cube ****
make all 
Building file: ../Src/main.c
Invoking: MCU GCC Compiler
E:\Vasyl\Programs\STM32F303\RTC\RTC_1\RTC_1_Cube\Debug
arm-none-eabi-gcc -mcpu=cortex-m4 -mthumb -mfloat-abi=hard -mfpu=fpv4-sp-d16 '-D__weak=__attribute__((weak))' '-D__packed=__attribute__((__packed__))' -DUSE_HAL_DRIVER -DSTM32F303xC -I"E:/Vasyl/Programs/STM32F303/RTC/RTC_1/RTC_1_Cube/Inc" -I"E:/Vasyl/Programs/STM32F303/RTC/RTC_1/RTC_1_Cube/Drivers/STM32F3xx_HAL_Driver/Inc" -I"E:/Vasyl/Programs/STM32F303/RTC/RTC_1/RTC_1_Cube/Drivers/STM32F3xx_HAL_Driver/Inc/Legacy" -I"E:/Vasyl/Programs/STM32F303/RTC/RTC_1/RTC_1_Cube/Drivers/CMSIS/Device/ST/STM32F3xx/Include" -I"E:/Vasyl/Programs/STM32F303/RTC/RTC_1/RTC_1_Cube/Drivers/CMSIS/Include"  -Og -g3 -Wall -fmessage-length=0 -ffunction-sections -c -fmessage-length=0 -MMD -MP -MF"Src/main.d" -MT"Src/main.o" -o "Src/main.o" "../Src/main.c"
Finished building: ../Src/main.c
 
Building target: RTC_1_Cube.elf
Invoking: MCU GCC Linker
arm-none-eabi-gcc -mcpu=cortex-m4 -mthumb -mfloat-abi=hard -mfpu=fpv4-sp-d16 -specs=rdimon.specs -T"../STM32F303VCTx_FLASH.ld" -Wl,-Map=output.map -Wl,--gc-sections -o "RTC_1_Cube.elf" @"objects.list"   -lm
Finished building target: RTC_1_Cube.elf
 
make --no-print-directory post-build
Generating binary and Printing size information:
arm-none-eabi-objcopy -O binary "RTC_1_Cube.elf" "RTC_1_Cube.bin"
arm-none-eabi-size "RTC_1_Cube.elf"
   text	   data	    bss	    dec	    hex	filename
  32620	   2496	   1956	  37072	   90d0	RTC_1_Cube.elf
 
16:01:40 **** Incremental Build of configuration Debug for project RTC_1_Cube ****
make all 
Building file: ../Src/main.c
Invoking: MCU GCC Compiler
E:\Vasyl\Programs\STM32F303\RTC\RTC_1\RTC_1_Cube\Debug
arm-none-eabi-gcc -mcpu=cortex-m4 -mthumb -mfloat-abi=hard -mfpu=fpv4-sp-d16 '-D__weak=__attribute__((weak))' '-D__packed=__attribute__((__packed__))' -DUSE_HAL_DRIVER -DSTM32F303xC -I"E:/Vasyl/Programs/STM32F303/RTC/RTC_1/RTC_1_Cube/Inc" -I"E:/Vasyl/Programs/STM32F303/RTC/RTC_1/RTC_1_Cube/Drivers/STM32F3xx_HAL_Driver/Inc" -I"E:/Vasyl/Programs/STM32F303/RTC/RTC_1/RTC_1_Cube/Drivers/STM32F3xx_HAL_Driver/Inc/Legacy" -I"E:/Vasyl/Programs/STM32F303/RTC/RTC_1/RTC_1_Cube/Drivers/CMSIS/Device/ST/STM32F3xx/Include" -I"E:/Vasyl/Programs/STM32F303/RTC/RTC_1/RTC_1_Cube/Drivers/CMSIS/Include"  -Og -g3 -Wall -fmessage-length=0 -ffunction-sections -c -fmessage-length=0 -MMD -MP -MF"Src/main.d" -MT"Src/main.o" -o "Src/main.o" "../Src/main.c"
../Src/main.c:72:47: warning: large integer implicitly truncated to unsigned type [-Woverflow]
 uint8_t send_data[7] = {0, 45, 15, 4, 16, 11, 2017};
                                               ^~~~
Finished building: ../Src/main.c
 
Building target: RTC_1_Cube.elf
Invoking: MCU GCC Linker
arm-none-eabi-gcc -mcpu=cortex-m4 -mthumb -mfloat-abi=hard -mfpu=fpv4-sp-d16 -specs=rdimon.specs -T"../STM32F303VCTx_FLASH.ld" -Wl,-Map=output.map -Wl,--gc-sections -o "RTC_1_Cube.elf" @"objects.list"   -lm
Finished building target: RTC_1_Cube.elf
 
make --no-print-directory post-build
Generating binary and Printing size information:
arm-none-eabi-objcopy -O binary "RTC_1_Cube.elf" "RTC_1_Cube.bin"
arm-none-eabi-size "RTC_1_Cube.elf"
   text	   data	    bss	    dec	    hex	filename
  33260	   2504	   1948	  37712	   9350	RTC_1_Cube.elf
 
16:01:47 **** Incremental Build of configuration Debug for project RTC_1_Cube ****
make all 
make: Nothing to be done for 'all'.
16:02:03 **** Incremental Build of configuration Debug for project RTC_1_Cube ****
make all 
make: Nothing to be done for 'all'.
16:02:06 **** Incremental Build of configuration Debug for project RTC_1_Cube ****
make all 
make: Nothing to be done for 'all'.
16:05:28 **** Incremental Build of configuration Debug for project RTC_1_Cube ****
make all 
Building file: ../Src/main.c
Invoking: MCU GCC Compiler
E:\Vasyl\Programs\STM32F303\RTC\RTC_1\RTC_1_Cube\Debug
arm-none-eabi-gcc -mcpu=cortex-m4 -mthumb -mfloat-abi=hard -mfpu=fpv4-sp-d16 '-D__weak=__attribute__((weak))' '-D__packed=__attribute__((__packed__))' -DUSE_HAL_DRIVER -DSTM32F303xC -I"E:/Vasyl/Programs/STM32F303/RTC/RTC_1/RTC_1_Cube/Inc" -I"E:/Vasyl/Programs/STM32F303/RTC/RTC_1/RTC_1_Cube/Drivers/STM32F3xx_HAL_Driver/Inc" -I"E:/Vasyl/Programs/STM32F303/RTC/RTC_1/RTC_1_Cube/Drivers/STM32F3xx_HAL_Driver/Inc/Legacy" -I"E:/Vasyl/Programs/STM32F303/RTC/RTC_1/RTC_1_Cube/Drivers/CMSIS/Device/ST/STM32F3xx/Include" -I"E:/Vasyl/Programs/STM32F303/RTC/RTC_1/RTC_1_Cube/Drivers/CMSIS/Include"  -Og -g3 -Wall -fmessage-length=0 -ffunction-sections -c -fmessage-length=0 -MMD -MP -MF"Src/main.d" -MT"Src/main.o" -o "Src/main.o" "../Src/main.c"
../Src/main.c:71:47: warning: large integer implicitly truncated to unsigned type [-Woverflow]
 uint8_t send_data[7] = {0, 45, 15, 4, 16, 11, 2017};
                                               ^~~~
Finished building: ../Src/main.c
 
Building target: RTC_1_Cube.elf
Invoking: MCU GCC Linker
arm-none-eabi-gcc -mcpu=cortex-m4 -mthumb -mfloat-abi=hard -mfpu=fpv4-sp-d16 -specs=rdimon.specs -T"../STM32F303VCTx_FLASH.ld" -Wl,-Map=output.map -Wl,--gc-sections -o "RTC_1_Cube.elf" @"objects.list"   -lm
Finished building target: RTC_1_Cube.elf
 
make --no-print-directory post-build
Generating binary and Printing size information:
arm-none-eabi-objcopy -O binary "RTC_1_Cube.elf" "RTC_1_Cube.bin"
arm-none-eabi-size "RTC_1_Cube.elf"
   text	   data	    bss	    dec	    hex	filename
  33300	   2504	   1948	  37752	   9378	RTC_1_Cube.elf
 
16:13:19 **** Incremental Build of configuration Debug for project RTC_1_Cube ****
make all 
Building file: ../Src/main.c
Invoking: MCU GCC Compiler
E:\Vasyl\Programs\STM32F303\RTC\RTC_1\RTC_1_Cube\Debug
arm-none-eabi-gcc -mcpu=cortex-m4 -mthumb -mfloat-abi=hard -mfpu=fpv4-sp-d16 '-D__weak=__attribute__((weak))' '-D__packed=__attribute__((__packed__))' -DUSE_HAL_DRIVER -DSTM32F303xC -I"E:/Vasyl/Programs/STM32F303/RTC/RTC_1/RTC_1_Cube/Inc" -I"E:/Vasyl/Programs/STM32F303/RTC/RTC_1/RTC_1_Cube/Drivers/STM32F3xx_HAL_Driver/Inc" -I"E:/Vasyl/Programs/STM32F303/RTC/RTC_1/RTC_1_Cube/Drivers/STM32F3xx_HAL_Driver/Inc/Legacy" -I"E:/Vasyl/Programs/STM32F303/RTC/RTC_1/RTC_1_Cube/Drivers/CMSIS/Device/ST/STM32F3xx/Include" -I"E:/Vasyl/Programs/STM32F303/RTC/RTC_1/RTC_1_Cube/Drivers/CMSIS/Include"  -Og -g3 -Wall -fmessage-length=0 -ffunction-sections -c -fmessage-length=0 -MMD -MP -MF"Src/main.d" -MT"Src/main.o" -o "Src/main.o" "../Src/main.c"
../Src/main.c: In function 'main':
../Src/main.c:118:33: warning: large integer implicitly truncated to unsigned type [-Woverflow]
   send_data[6] = decimal_to_bcd(2017);
                                 ^~~~
../Src/main.c:122:54: warning: unused variable 'year' [-Wunused-variable]
   int seconds, minutes, hours, weekday, date, month, year;
                                                      ^~~~
../Src/main.c:122:47: warning: unused variable 'month' [-Wunused-variable]
   int seconds, minutes, hours, weekday, date, month, year;
                                               ^~~~~
../Src/main.c:122:41: warning: unused variable 'date' [-Wunused-variable]
   int seconds, minutes, hours, weekday, date, month, year;
                                         ^~~~
../Src/main.c:122:32: warning: unused variable 'weekday' [-Wunused-variable]
   int seconds, minutes, hours, weekday, date, month, year;
                                ^~~~~~~
Finished building: ../Src/main.c
 
Building target: RTC_1_Cube.elf
Invoking: MCU GCC Linker
arm-none-eabi-gcc -mcpu=cortex-m4 -mthumb -mfloat-abi=hard -mfpu=fpv4-sp-d16 -specs=rdimon.specs -T"../STM32F303VCTx_FLASH.ld" -Wl,-Map=output.map -Wl,--gc-sections -o "RTC_1_Cube.elf" @"objects.list"   -lm
Finished building target: RTC_1_Cube.elf
 
make --no-print-directory post-build
Generating binary and Printing size information:
arm-none-eabi-objcopy -O binary "RTC_1_Cube.elf" "RTC_1_Cube.bin"
arm-none-eabi-size "RTC_1_Cube.elf"
   text	   data	    bss	    dec	    hex	filename
  33268	   2496	   1916	  37680	   9330	RTC_1_Cube.elf
 
16:16:27 **** Incremental Build of configuration Debug for project RTC_1_Cube ****
make all 
Building file: ../Src/main.c
Invoking: MCU GCC Compiler
E:\Vasyl\Programs\STM32F303\RTC\RTC_1\RTC_1_Cube\Debug
arm-none-eabi-gcc -mcpu=cortex-m4 -mthumb -mfloat-abi=hard -mfpu=fpv4-sp-d16 '-D__weak=__attribute__((weak))' '-D__packed=__attribute__((__packed__))' -DUSE_HAL_DRIVER -DSTM32F303xC -I"E:/Vasyl/Programs/STM32F303/RTC/RTC_1/RTC_1_Cube/Inc" -I"E:/Vasyl/Programs/STM32F303/RTC/RTC_1/RTC_1_Cube/Drivers/STM32F3xx_HAL_Driver/Inc" -I"E:/Vasyl/Programs/STM32F303/RTC/RTC_1/RTC_1_Cube/Drivers/STM32F3xx_HAL_Driver/Inc/Legacy" -I"E:/Vasyl/Programs/STM32F303/RTC/RTC_1/RTC_1_Cube/Drivers/CMSIS/Device/ST/STM32F3xx/Include" -I"E:/Vasyl/Programs/STM32F303/RTC/RTC_1/RTC_1_Cube/Drivers/CMSIS/Include"  -Og -g3 -Wall -fmessage-length=0 -ffunction-sections -c -fmessage-length=0 -MMD -MP -MF"Src/main.d" -MT"Src/main.o" -o "Src/main.o" "../Src/main.c"
../Src/main.c: In function 'main':
../Src/main.c:122:54: warning: unused variable 'year' [-Wunused-variable]
   int seconds, minutes, hours, weekday, date, month, year;
                                                      ^~~~
../Src/main.c:122:47: warning: unused variable 'month' [-Wunused-variable]
   int seconds, minutes, hours, weekday, date, month, year;
                                               ^~~~~
../Src/main.c:122:41: warning: unused variable 'date' [-Wunused-variable]
   int seconds, minutes, hours, weekday, date, month, year;
                                         ^~~~
../Src/main.c:122:32: warning: unused variable 'weekday' [-Wunused-variable]
   int seconds, minutes, hours, weekday, date, month, year;
                                ^~~~~~~
Finished building: ../Src/main.c
 
Building target: RTC_1_Cube.elf
Invoking: MCU GCC Linker
arm-none-eabi-gcc -mcpu=cortex-m4 -mthumb -mfloat-abi=hard -mfpu=fpv4-sp-d16 -specs=rdimon.specs -T"../STM32F303VCTx_FLASH.ld" -Wl,-Map=output.map -Wl,--gc-sections -o "RTC_1_Cube.elf" @"objects.list"   -lm
Finished building target: RTC_1_Cube.elf
 
make --no-print-directory post-build
Generating binary and Printing size information:
arm-none-eabi-objcopy -O binary "RTC_1_Cube.elf" "RTC_1_Cube.bin"
arm-none-eabi-size "RTC_1_Cube.elf"
   text	   data	    bss	    dec	    hex	filename
  33268	   2496	   1916	  37680	   9330	RTC_1_Cube.elf
 
16:17:08 **** Incremental Build of configuration Debug for project RTC_1_Cube ****
make all 
Building file: ../Src/main.c
Invoking: MCU GCC Compiler
E:\Vasyl\Programs\STM32F303\RTC\RTC_1\RTC_1_Cube\Debug
arm-none-eabi-gcc -mcpu=cortex-m4 -mthumb -mfloat-abi=hard -mfpu=fpv4-sp-d16 '-D__weak=__attribute__((weak))' '-D__packed=__attribute__((__packed__))' -DUSE_HAL_DRIVER -DSTM32F303xC -I"E:/Vasyl/Programs/STM32F303/RTC/RTC_1/RTC_1_Cube/Inc" -I"E:/Vasyl/Programs/STM32F303/RTC/RTC_1/RTC_1_Cube/Drivers/STM32F3xx_HAL_Driver/Inc" -I"E:/Vasyl/Programs/STM32F303/RTC/RTC_1/RTC_1_Cube/Drivers/STM32F3xx_HAL_Driver/Inc/Legacy" -I"E:/Vasyl/Programs/STM32F303/RTC/RTC_1/RTC_1_Cube/Drivers/CMSIS/Device/ST/STM32F3xx/Include" -I"E:/Vasyl/Programs/STM32F303/RTC/RTC_1/RTC_1_Cube/Drivers/CMSIS/Include"  -Og -g3 -Wall -fmessage-length=0 -ffunction-sections -c -fmessage-length=0 -MMD -MP -MF"Src/main.d" -MT"Src/main.o" -o "Src/main.o" "../Src/main.c"
Finished building: ../Src/main.c
 
Building target: RTC_1_Cube.elf
Invoking: MCU GCC Linker
arm-none-eabi-gcc -mcpu=cortex-m4 -mthumb -mfloat-abi=hard -mfpu=fpv4-sp-d16 -specs=rdimon.specs -T"../STM32F303VCTx_FLASH.ld" -Wl,-Map=output.map -Wl,--gc-sections -o "RTC_1_Cube.elf" @"objects.list"   -lm
Finished building target: RTC_1_Cube.elf
 
make --no-print-directory post-build
Generating binary and Printing size information:
arm-none-eabi-objcopy -O binary "RTC_1_Cube.elf" "RTC_1_Cube.bin"
arm-none-eabi-size "RTC_1_Cube.elf"
   text	   data	    bss	    dec	    hex	filename
  33420	   2496	   1916	  37832	   93c8	RTC_1_Cube.elf
 
16:17:12 **** Incremental Build of configuration Debug for project RTC_1_Cube ****
make all 
make: Nothing to be done for 'all'.
16:23:34 **** Incremental Build of configuration Debug for project RTC_1_Cube ****
make all 
Building file: ../Src/main.c
Invoking: MCU GCC Compiler
E:\Vasyl\Programs\STM32F303\RTC\RTC_1\RTC_1_Cube\Debug
arm-none-eabi-gcc -mcpu=cortex-m4 -mthumb -mfloat-abi=hard -mfpu=fpv4-sp-d16 '-D__weak=__attribute__((weak))' '-D__packed=__attribute__((__packed__))' -DUSE_HAL_DRIVER -DSTM32F303xC -I"E:/Vasyl/Programs/STM32F303/RTC/RTC_1/RTC_1_Cube/Inc" -I"E:/Vasyl/Programs/STM32F303/RTC/RTC_1/RTC_1_Cube/Drivers/STM32F3xx_HAL_Driver/Inc" -I"E:/Vasyl/Programs/STM32F303/RTC/RTC_1/RTC_1_Cube/Drivers/STM32F3xx_HAL_Driver/Inc/Legacy" -I"E:/Vasyl/Programs/STM32F303/RTC/RTC_1/RTC_1_Cube/Drivers/CMSIS/Device/ST/STM32F3xx/Include" -I"E:/Vasyl/Programs/STM32F303/RTC/RTC_1/RTC_1_Cube/Drivers/CMSIS/Include"  -Og -g3 -Wall -fmessage-length=0 -ffunction-sections -c -fmessage-length=0 -MMD -MP -MF"Src/main.d" -MT"Src/main.o" -o "Src/main.o" "../Src/main.c"
Finished building: ../Src/main.c
 
Building target: RTC_1_Cube.elf
Invoking: MCU GCC Linker
arm-none-eabi-gcc -mcpu=cortex-m4 -mthumb -mfloat-abi=hard -mfpu=fpv4-sp-d16 -specs=rdimon.specs -T"../STM32F303VCTx_FLASH.ld" -Wl,-Map=output.map -Wl,--gc-sections -o "RTC_1_Cube.elf" @"objects.list"   -lm
Finished building target: RTC_1_Cube.elf
 
make --no-print-directory post-build
Generating binary and Printing size information:
arm-none-eabi-objcopy -O binary "RTC_1_Cube.elf" "RTC_1_Cube.bin"
arm-none-eabi-size "RTC_1_Cube.elf"
   text	   data	    bss	    dec	    hex	filename
  33420	   2496	   1916	  37832	   93c8	RTC_1_Cube.elf
 
16:25:37 **** Incremental Build of configuration Debug for project RTC_1_Cube ****
make all 
Building file: ../Src/main.c
Invoking: MCU GCC Compiler
E:\Vasyl\Programs\STM32F303\RTC\RTC_1\RTC_1_Cube\Debug
arm-none-eabi-gcc -mcpu=cortex-m4 -mthumb -mfloat-abi=hard -mfpu=fpv4-sp-d16 '-D__weak=__attribute__((weak))' '-D__packed=__attribute__((__packed__))' -DUSE_HAL_DRIVER -DSTM32F303xC -I"E:/Vasyl/Programs/STM32F303/RTC/RTC_1/RTC_1_Cube/Inc" -I"E:/Vasyl/Programs/STM32F303/RTC/RTC_1/RTC_1_Cube/Drivers/STM32F3xx_HAL_Driver/Inc" -I"E:/Vasyl/Programs/STM32F303/RTC/RTC_1/RTC_1_Cube/Drivers/STM32F3xx_HAL_Driver/Inc/Legacy" -I"E:/Vasyl/Programs/STM32F303/RTC/RTC_1/RTC_1_Cube/Drivers/CMSIS/Device/ST/STM32F3xx/Include" -I"E:/Vasyl/Programs/STM32F303/RTC/RTC_1/RTC_1_Cube/Drivers/CMSIS/Include"  -Og -g3 -Wall -fmessage-length=0 -ffunction-sections -c -fmessage-length=0 -MMD -MP -MF"Src/main.d" -MT"Src/main.o" -o "Src/main.o" "../Src/main.c"
Finished building: ../Src/main.c
 
Building target: RTC_1_Cube.elf
Invoking: MCU GCC Linker
arm-none-eabi-gcc -mcpu=cortex-m4 -mthumb -mfloat-abi=hard -mfpu=fpv4-sp-d16 -specs=rdimon.specs -T"../STM32F303VCTx_FLASH.ld" -Wl,-Map=output.map -Wl,--gc-sections -o "RTC_1_Cube.elf" @"objects.list"   -lm
Finished building target: RTC_1_Cube.elf
 
make --no-print-directory post-build
Generating binary and Printing size information:
arm-none-eabi-objcopy -O binary "RTC_1_Cube.elf" "RTC_1_Cube.bin"
arm-none-eabi-size "RTC_1_Cube.elf"
   text	   data	    bss	    dec	    hex	filename
  33420	   2496	   1916	  37832	   93c8	RTC_1_Cube.elf
 
16:26:55 **** Incremental Build of configuration Debug for project RTC_1_Cube ****
make all 
make: Nothing to be done for 'all'.
